2026-09-29 19:56:31,505 | log file: .\logs\cyclegan_train_20260929_195630.log | device: NVIDIA GeForce RTX 5090
2026-09-29 19:56:31,506 | args: {"config": "src\\config.yaml", "data_dir": "..\\data", "out_dir": ".", "run_name": "cyclegan", "seed": 2026, "ngf": 64, "ndf": 64, "g_blocks": 9, "d_layers": 3, "upsample": "resize", "spectral_norm": 0, "g_dropout": 0.0, "gan_loss": "lsgan", "lambda_cyc": 10.0, "lambda_id": 0.3, "pool_size": 50, "lr": 0.0002, "lr_d_mult": 1.0, "beta1": 0.5, "n_epochs": 15, "n_epochs_decay": 15, "steps_per_epoch": 1000, "batch_size": 1, "load_size": 286, "crop_size": 256, "no_flip": 0, "amp": 0, "num_workers": 4, "log_every": 100, "save_every": 5, "resume": null}
2026-09-29 19:56:33,278 | domain A (Monet): 600 images | domain B (Photo): 14076 images
2026-09-29 19:56:33,597 | parameter counts: {"G_AB": 11378179, "G_BA": 11378179, "D_A": 2764737, "D_B": 2764737, "total": 28285832}
2026-09-29 19:56:33,696 | training epochs 1..30, 1000 steps each, bs=1
2026-09-29 19:56:52,499 | ep 1 it 0/1000 step 0 | G 21.532 (adv 2.723/2.373 cyc 5.811/6.919 idt 1.732/1.974) | D 1.822/1.814 | gn 162.77/59.90 | 0.1 img/s
2026-09-29 19:57:15,269 | ep 1 it 100/1000 step 100 | G 9.375 (adv 0.420/0.433 cyc 2.949/3.545 idt 0.915/1.113) | D 0.268/0.325 | gn 71.12/19.87 | 2.4 img/s
2026-09-29 19:57:37,717 | ep 1 it 200/1000 step 200 | G 6.368 (adv 0.462/0.271 cyc 1.794/2.640 idt 0.516/0.685) | D 0.382/0.373 | gn 73.54/32.81 | 3.1 img/s
2026-09-29 19:57:59,683 | ep 1 it 300/1000 step 300 | G 7.070 (adv 0.560/1.026 cyc 2.439/1.872 idt 0.659/0.514) | D 0.523/0.299 | gn 56.84/46.16 | 3.5 img/s
2026-09-29 19:58:21,714 | ep 1 it 400/1000 step 400 | G 7.091 (adv 0.390/0.553 cyc 2.213/2.612 idt 0.630/0.692) | D 0.330/0.354 | gn 41.32/48.07 | 3.7 img/s
2026-09-29 19:58:43,877 | ep 1 it 500/1000 step 500 | G 7.328 (adv 0.140/0.415 cyc 2.633/2.655 idt 0.718/0.767) | D 0.191/0.256 | gn 59.07/18.78 | 3.8 img/s
2026-09-29 19:59:06,277 | ep 1 it 600/1000 step 600 | G 14.544 (adv 0.498/0.779 cyc 3.914/6.408 idt 1.107/1.838) | D 0.135/0.141 | gn 72.27/25.96 | 3.9 img/s
2026-09-29 19:59:28,992 | ep 1 it 700/1000 step 700 | G 6.926 (adv 0.238/0.415 cyc 2.497/2.585 idt 0.729/0.463) | D 0.267/0.268 | gn 75.22/27.78 | 4.0 img/s
2026-09-29 19:59:51,367 | ep 1 it 800/1000 step 800 | G 9.017 (adv 0.629/0.419 cyc 3.235/3.100 idt 0.783/0.850) | D 0.194/0.259 | gn 61.09/32.53 | 4.1 img/s
2026-09-29 20:00:13,307 | ep 1 it 900/1000 step 900 | G 6.933 (adv 0.711/0.377 cyc 2.720/1.814 idt 0.799/0.513) | D 0.236/0.288 | gn 61.29/32.38 | 4.1 img/s
2026-09-29 20:00:34,927 | EPOCH 1 done in 4.0 min | means: {"G_adv_AB": 0.454, "G_adv_BA": 0.4968, "cyc_A": 2.8994, "cyc_B": 3.1355, "idt_A": 0.819, "idt_B": 0.8721, "loss_G": 8.6769, "D_A": 0.3152, "D_B": 0.3349, "gnorm_G": 65.4666, "gnorm_D": 25.3347} | nonfinite so far 0
2026-09-29 20:00:35,491 | ep 2 it 0/1000 step 1000 | G 8.939 (adv 0.705/0.598 cyc 2.604/3.328 idt 0.794/0.911) | D 0.104/0.395 | gn 93.75/35.87 | 4.4 img/s
2026-09-29 20:00:57,680 | ep 2 it 100/1000 step 1100 | G 8.425 (adv 0.562/0.706 cyc 2.041/3.692 idt 0.522/0.902) | D 0.130/0.445 | gn 49.15/35.20 | 4.5 img/s
2026-09-29 20:01:19,813 | ep 2 it 200/1000 step 1200 | G 4.875 (adv 0.478/0.201 cyc 1.805/1.546 idt 0.487/0.357) | D 0.212/0.277 | gn 35.96/19.94 | 4.5 img/s
2026-09-29 20:01:41,763 | ep 2 it 300/1000 step 1300 | G 8.426 (adv 0.700/0.325 cyc 4.030/1.684 idt 1.239/0.448) | D 0.265/0.315 | gn 37.12/34.92 | 4.5 img/s
2026-09-29 20:02:04,021 | ep 2 it 400/1000 step 1400 | G 10.468 (adv 0.428/0.299 cyc 3.448/3.845 idt 0.950/1.497) | D 0.183/0.167 | gn 73.49/18.83 | 4.5 img/s
2026-09-29 20:02:26,006 | ep 2 it 500/1000 step 1500 | G 9.403 (adv 0.190/0.878 cyc 2.938/3.291 idt 1.069/1.036) | D 0.103/0.351 | gn 42.32/30.04 | 4.5 img/s
2026-09-29 20:02:47,821 | ep 2 it 600/1000 step 1600 | G 7.382 (adv 0.599/0.521 cyc 2.554/2.436 idt 0.651/0.621) | D 0.069/0.141 | gn 37.79/15.29 | 4.5 img/s
2026-09-29 20:03:09,797 | ep 2 it 700/1000 step 1700 | G 10.614 (adv 0.285/0.372 cyc 1.629/5.846 idt 0.490/1.992) | D 0.223/0.261 | gn 36.69/23.08 | 4.5 img/s
2026-09-29 20:03:31,950 | ep 2 it 800/1000 step 1800 | G 9.069 (adv 0.615/0.894 cyc 4.051/1.731 idt 1.243/0.535) | D 0.050/0.160 | gn 55.93/13.83 | 4.5 img/s
2026-09-29 20:03:54,141 | ep 2 it 900/1000 step 1900 | G 12.709 (adv 0.597/1.027 cyc 2.690/6.004 idt 0.880/1.510) | D 0.138/0.070 | gn 51.90/20.82 | 4.5 img/s
2026-09-29 20:04:16,098 | EPOCH 2 done in 3.7 min | means: {"G_adv_AB": 0.4596, "G_adv_BA": 0.5641, "cyc_A": 2.4884, "cyc_B": 2.6958, "idt_A": 0.7031, "idt_B": 0.7377, "loss_G": 7.6487, "D_A": 0.1977, "D_B": 0.2296, "gnorm_G": 47.0532, "gnorm_D": 24.8812} | nonfinite so far 0
2026-09-29 20:04:16,685 | ep 3 it 0/1000 step 2000 | G 6.295 (adv 0.870/0.513 cyc 2.193/1.705 idt 0.639/0.376) | D 0.081/0.220 | gn 32.52/19.95 | 4.3 img/s
2026-09-29 20:04:38,839 | ep 3 it 100/1000 step 2100 | G 9.076 (adv 0.521/0.587 cyc 3.159/3.075 idt 0.949/0.785) | D 0.097/0.156 | gn 44.87/17.30 | 4.5 img/s
2026-09-29 20:05:00,981 | ep 3 it 200/1000 step 2200 | G 5.866 (adv 0.329/0.152 cyc 2.055/2.295 idt 0.578/0.458) | D 0.242/0.198 | gn 36.75/20.83 | 4.5 img/s
2026-09-29 20:05:23,066 | ep 3 it 300/1000 step 2300 | G 7.747 (adv 0.243/0.546 cyc 2.686/2.801 idt 0.824/0.647) | D 0.173/0.200 | gn 58.36/10.74 | 4.5 img/s
2026-09-29 20:05:45,368 | ep 3 it 400/1000 step 2400 | G 6.518 (adv 0.209/0.058 cyc 2.009/3.027 idt 0.682/0.533) | D 0.716/0.248 | gn 39.25/41.84 | 4.5 img/s
2026-09-29 20:06:07,426 | ep 3 it 500/1000 step 2500 | G 6.045 (adv 0.652/1.160 cyc 1.839/1.432 idt 0.544/0.416) | D 0.179/0.109 | gn 35.54/17.09 | 4.5 img/s
2026-09-29 20:06:29,442 | ep 3 it 600/1000 step 2600 | G 6.204 (adv 0.312/0.359 cyc 2.305/2.137 idt 0.534/0.558) | D 0.094/0.137 | gn 38.53/16.58 | 4.5 img/s
2026-09-29 20:06:51,481 | ep 3 it 700/1000 step 2700 | G 5.537 (adv 0.315/0.567 cyc 1.804/1.815 idt 0.558/0.477) | D 0.171/0.233 | gn 24.98/21.23 | 4.5 img/s
2026-09-29 20:07:13,184 | ep 3 it 800/1000 step 2800 | G 8.570 (adv 0.452/0.837 cyc 1.543/4.330 idt 0.444/0.965) | D 0.174/0.051 | gn 41.27/17.71 | 4.5 img/s
2026-09-29 20:07:35,252 | ep 3 it 900/1000 step 2900 | G 7.400 (adv 0.651/0.390 cyc 2.073/3.104 idt 0.629/0.552) | D 0.110/0.127 | gn 51.78/15.47 | 4.5 img/s
2026-09-29 20:07:57,242 | EPOCH 3 done in 3.7 min | means: {"G_adv_AB": 0.4494, "G_adv_BA": 0.4623, "cyc_A": 2.3015, "cyc_B": 2.4964, "idt_A": 0.6782, "idt_B": 0.6781, "loss_G": 7.0658, "D_A": 0.1925, "D_B": 0.2273, "gnorm_G": 40.7952, "gnorm_D": 23.6441} | nonfinite so far 0
2026-09-29 20:07:57,841 | ep 4 it 0/1000 step 3000 | G 5.312 (adv 0.594/0.291 cyc 1.964/1.550 idt 0.526/0.387) | D 0.285/0.221 | gn 31.07/11.43 | 4.5 img/s
2026-09-29 20:08:19,868 | ep 4 it 100/1000 step 3100 | G 4.939 (adv 0.103/0.412 cyc 1.353/2.009 idt 0.382/0.680) | D 0.143/0.151 | gn 27.18/15.14 | 4.5 img/s
2026-09-29 20:08:41,834 | ep 4 it 200/1000 step 3200 | G 5.225 (adv 0.242/0.439 cyc 1.529/2.103 idt 0.356/0.557) | D 0.088/0.066 | gn 31.23/16.15 | 4.5 img/s
2026-09-29 20:09:03,807 | ep 4 it 300/1000 step 3300 | G 7.493 (adv 0.305/0.523 cyc 2.564/2.686 idt 0.903/0.512) | D 0.212/0.163 | gn 39.90/11.97 | 4.5 img/s
2026-09-29 20:09:25,898 | ep 4 it 400/1000 step 3400 | G 5.267 (adv 0.472/0.291 cyc 1.992/1.513 idt 0.592/0.408) | D 0.200/0.313 | gn 34.58/25.96 | 4.5 img/s
2026-09-29 20:09:47,803 | ep 4 it 500/1000 step 3500 | G 7.528 (adv 0.644/0.300 cyc 1.827/3.306 idt 0.557/0.893) | D 0.160/0.200 | gn 35.03/18.12 | 4.5 img/s
2026-09-29 20:10:09,599 | ep 4 it 600/1000 step 3600 | G 8.912 (adv 0.796/0.411 cyc 4.042/1.810 idt 1.251/0.601) | D 0.210/0.396 | gn 38.43/24.33 | 4.6 img/s
2026-09-29 20:10:31,454 | ep 4 it 700/1000 step 3700 | G 6.107 (adv 0.896/0.258 cyc 2.016/1.829 idt 0.560/0.548) | D 0.168/0.091 | gn 28.23/15.64 | 4.6 img/s
2026-09-29 20:10:53,437 | ep 4 it 800/1000 step 3800 | G 6.277 (adv 0.573/0.358 cyc 1.950/2.148 idt 0.625/0.623) | D 0.150/0.242 | gn 22.92/25.95 | 4.6 img/s
2026-09-29 20:11:15,343 | ep 4 it 900/1000 step 3900 | G 5.782 (adv 1.416/0.157 cyc 1.720/1.619 idt 0.448/0.422) | D 0.243/0.538 | gn 37.46/39.95 | 4.6 img/s
2026-09-29 20:11:36,775 | EPOCH 4 done in 3.7 min | means: {"G_adv_AB": 0.4459, "G_adv_BA": 0.4672, "cyc_A": 2.194, "cyc_B": 2.3566, "idt_A": 0.6505, "idt_B": 0.6536, "loss_G": 6.7678, "D_A": 0.197, "D_B": 0.2219, "gnorm_G": 38.0748, "gnorm_D": 22.3016} | nonfinite so far 0
2026-09-29 20:11:37,368 | ep 5 it 0/1000 step 4000 | G 6.893 (adv 0.788/0.877 cyc 1.923/2.021 idt 0.673/0.611) | D 0.416/0.324 | gn 32.76/36.20 | 4.7 img/s
2026-09-29 20:11:59,472 | ep 5 it 100/1000 step 4100 | G 5.412 (adv 0.117/1.013 cyc 1.789/1.424 idt 0.547/0.522) | D 0.184/0.391 | gn 23.73/20.99 | 4.5 img/s
2026-09-29 20:12:21,602 | ep 5 it 200/1000 step 4200 | G 4.299 (adv 0.056/0.569 cyc 1.393/1.425 idt 0.521/0.335) | D 0.325/0.349 | gn 30.25/29.88 | 4.5 img/s
2026-09-29 20:12:43,606 | ep 5 it 300/1000 step 4300 | G 5.767 (adv 0.056/0.290 cyc 1.626/2.714 idt 0.411/0.670) | D 0.064/0.343 | gn 38.97/22.50 | 4.5 img/s
2026-09-29 20:13:05,562 | ep 5 it 400/1000 step 4400 | G 5.567 (adv 0.251/0.440 cyc 1.898/1.886 idt 0.536/0.557) | D 0.160/0.178 | gn 29.07/13.28 | 4.5 img/s
2026-09-29 20:13:27,673 | ep 5 it 500/1000 step 4500 | G 7.978 (adv 0.399/0.635 cyc 3.396/1.865 idt 1.165/0.518) | D 0.089/0.120 | gn 41.95/20.55 | 4.5 img/s
2026-09-29 20:13:49,663 | ep 5 it 600/1000 step 4600 | G 6.515 (adv 0.208/0.466 cyc 1.705/2.739 idt 0.536/0.862) | D 0.331/0.318 | gn 43.83/27.64 | 4.5 img/s
2026-09-29 20:14:12,052 | ep 5 it 700/1000 step 4700 | G 4.594 (adv 0.363/0.415 cyc 1.484/1.446 idt 0.453/0.433) | D 0.142/0.115 | gn 33.82/21.25 | 4.5 img/s
2026-09-29 20:14:34,215 | ep 5 it 800/1000 step 4800 | G 7.833 (adv 1.022/0.450 cyc 2.104/2.640 idt 0.739/0.879) | D 0.183/0.234 | gn 38.14/29.66 | 4.5 img/s
2026-09-29 20:14:56,291 | ep 5 it 900/1000 step 4900 | G 6.951 (adv 0.586/0.494 cyc 2.646/1.830 idt 0.819/0.575) | D 0.384/0.057 | gn 32.68/20.73 | 4.5 img/s
2026-09-29 20:15:18,152 | EPOCH 5 done in 3.7 min | means: {"G_adv_AB": 0.475, "G_adv_BA": 0.5043, "cyc_A": 2.1426, "cyc_B": 2.3103, "idt_A": 0.6374, "idt_B": 0.6385, "loss_G": 6.7081, "D_A": 0.1906, "D_B": 0.2134, "gnorm_G": 36.4577, "gnorm_D": 21.9926} | nonfinite so far 0
2026-09-29 20:15:18,798 | ep 6 it 0/1000 step 5000 | G 9.643 (adv 0.685/0.246 cyc 3.589/3.384 idt 1.004/0.735) | D 0.158/0.088 | gn 44.07/13.47 | 4.6 img/s
2026-09-29 20:15:40,855 | ep 6 it 100/1000 step 5100 | G 6.121 (adv 0.294/0.177 cyc 2.379/1.931 idt 0.832/0.509) | D 0.229/0.292 | gn 30.27/29.69 | 4.5 img/s
2026-09-29 20:16:02,271 | ep 6 it 200/1000 step 5200 | G 11.177 (adv 0.411/0.208 cyc 3.023/5.445 idt 0.828/1.263) | D 0.278/0.136 | gn 43.45/32.26 | 4.6 img/s
2026-09-29 20:16:15,963 | ep 6 it 300/1000 step 5300 | G 4.955 (adv 0.617/0.066 cyc 1.591/1.578 idt 0.598/0.505) | D 0.098/0.229 | gn 19.33/19.19 | 5.2 img/s
2026-09-29 20:16:26,240 | ep 6 it 400/1000 step 5400 | G 5.087 (adv 0.453/0.361 cyc 1.658/1.586 idt 0.497/0.532) | D 0.146/0.207 | gn 19.45/13.73 | 5.9 img/s
2026-09-29 20:16:36,921 | ep 6 it 500/1000 step 5500 | G 6.677 (adv 0.397/0.062 cyc 2.544/2.279 idt 0.717/0.679) | D 0.126/0.413 | gn 32.43/32.32 | 6.4 img/s
2026-09-29 20:16:46,576 | ep 6 it 600/1000 step 5600 | G 8.467 (adv 1.099/0.628 cyc 2.362/2.821 idt 0.603/0.955) | D 0.044/0.070 | gn 60.01/8.06 | 6.8 img/s
2026-09-29 20:16:55,082 | ep 6 it 700/1000 step 5700 | G 6.273 (adv 0.456/0.525 cyc 1.887/2.256 idt 0.598/0.551) | D 0.143/0.130 | gn 27.92/13.63 | 7.3 img/s
2026-09-29 20:17:03,890 | ep 6 it 800/1000 step 5800 | G 5.275 (adv 0.495/0.661 cyc 1.496/1.818 idt 0.452/0.354) | D 0.147/0.175 | gn 27.79/26.41 | 7.6 img/s
2026-09-29 20:17:12,495 | ep 6 it 900/1000 step 5900 | G 6.994 (adv 0.556/0.434 cyc 3.381/1.214 idt 0.994/0.415) | D 0.190/0.087 | gn 31.84/12.21 | 7.9 img/s
2026-09-29 20:17:21,259 | EPOCH 6 done in 2.0 min | means: {"G_adv_AB": 0.4655, "G_adv_BA": 0.54, "cyc_A": 2.0798, "cyc_B": 2.2577, "idt_A": 0.6278, "idt_B": 0.6205, "loss_G": 6.5913, "D_A": 0.1754, "D_B": 0.2092, "gnorm_G": 33.7409, "gnorm_D": 21.4324} | nonfinite so far 0
2026-09-29 20:17:21,725 | ep 7 it 0/1000 step 6000 | G 5.912 (adv 0.345/0.028 cyc 1.530/2.682 idt 0.503/0.823) | D 0.126/0.114 | gn 25.85/15.51 | 10.1 img/s
2026-09-29 20:17:30,600 | ep 7 it 100/1000 step 6100 | G 6.107 (adv 0.411/0.204 cyc 1.568/2.749 idt 0.461/0.715) | D 0.107/0.111 | gn 27.14/14.87 | 11.3 img/s
2026-09-29 20:17:39,401 | ep 7 it 200/1000 step 6200 | G 7.912 (adv 0.139/1.320 cyc 2.316/2.757 idt 0.668/0.713) | D 0.164/0.159 | gn 40.66/28.28 | 11.3 img/s
2026-09-29 20:17:48,384 | ep 7 it 300/1000 step 6300 | G 6.256 (adv 0.214/0.181 cyc 2.429/2.182 idt 0.651/0.600) | D 0.210/0.224 | gn 27.25/25.65 | 11.2 img/s
2026-09-29 20:17:57,709 | ep 7 it 400/1000 step 6400 | G 10.700 (adv 0.682/0.373 cyc 2.212/5.313 idt 0.602/1.518) | D 0.132/0.538 | gn 41.99/25.82 | 11.1 img/s
2026-09-29 20:18:06,731 | ep 7 it 500/1000 step 6500 | G 6.857 (adv 0.181/0.482 cyc 1.981/2.894 idt 0.578/0.740) | D 0.132/0.213 | gn 84.36/23.80 | 11.1 img/s
2026-09-29 20:18:15,525 | ep 7 it 600/1000 step 6600 | G 6.946 (adv 0.917/0.437 cyc 1.675/2.596 idt 0.496/0.824) | D 0.106/0.320 | gn 22.30/27.43 | 11.2 img/s
2026-09-29 20:18:24,547 | ep 7 it 700/1000 step 6700 | G 6.537 (adv 0.866/0.974 cyc 2.058/1.269 idt 0.867/0.503) | D 0.045/0.300 | gn 34.82/23.80 | 11.1 img/s
2026-09-29 20:18:33,613 | ep 7 it 800/1000 step 6800 | G 6.309 (adv 0.358/0.618 cyc 2.063/2.103 idt 0.505/0.662) | D 0.118/0.198 | gn 31.01/14.16 | 11.1 img/s
2026-09-29 20:18:42,370 | ep 7 it 900/1000 step 6900 | G 7.779 (adv 0.722/1.332 cyc 2.535/1.943 idt 0.818/0.428) | D 0.183/0.393 | gn 39.64/29.84 | 11.2 img/s
2026-09-29 20:18:51,121 | EPOCH 7 done in 1.5 min | means: {"G_adv_AB": 0.4616, "G_adv_BA": 0.5924, "cyc_A": 2.0691, "cyc_B": 2.2338, "idt_A": 0.6237, "idt_B": 0.618, "loss_G": 6.5986, "D_A": 0.1588, "D_B": 0.2115, "gnorm_G": 34.2039, "gnorm_D": 21.3038} | nonfinite so far 0
2026-09-29 20:18:51,565 | ep 8 it 0/1000 step 7000 | G 4.479 (adv 0.528/0.294 cyc 1.274/1.511 idt 0.339/0.533) | D 0.172/0.173 | gn 22.66/8.81 | 8.9 img/s
2026-09-29 20:19:00,306 | ep 8 it 100/1000 step 7100 | G 6.227 (adv 0.549/0.553 cyc 1.741/2.542 idt 0.497/0.345) | D 0.115/0.082 | gn 36.67/9.41 | 11.4 img/s
2026-09-29 20:19:09,021 | ep 8 it 200/1000 step 7200 | G 5.359 (adv 0.083/0.402 cyc 2.540/1.216 idt 0.591/0.527) | D 0.071/0.293 | gn 30.61/19.39 | 11.4 img/s
2026-09-29 20:19:17,643 | ep 8 it 300/1000 step 7300 | G 6.967 (adv 0.441/0.662 cyc 2.695/1.995 idt 0.684/0.489) | D 0.108/0.414 | gn 30.09/16.80 | 11.5 img/s
2026-09-29 20:19:26,178 | ep 8 it 400/1000 step 7400 | G 6.397 (adv 0.094/0.139 cyc 2.175/2.342 idt 0.740/0.906) | D 0.253/0.303 | gn 30.86/31.96 | 11.5 img/s
2026-09-29 20:19:35,273 | ep 8 it 500/1000 step 7500 | G 5.688 (adv 0.587/0.914 cyc 1.345/1.923 idt 0.383/0.537) | D 0.137/0.160 | gn 43.49/19.68 | 11.4 img/s
2026-09-29 20:19:44,660 | ep 8 it 600/1000 step 7600 | G 9.037 (adv 0.411/0.886 cyc 1.733/4.430 idt 0.492/1.085) | D 0.035/0.142 | gn 33.19/6.48 | 11.3 img/s
2026-09-29 20:19:53,899 | ep 8 it 700/1000 step 7700 | G 5.048 (adv 0.067/0.444 cyc 1.652/1.852 idt 0.498/0.537) | D 0.079/0.067 | gn 28.78/15.07 | 11.2 img/s
2026-09-29 20:20:02,957 | ep 8 it 800/1000 step 7800 | G 7.235 (adv 0.835/0.326 cyc 2.865/2.036 idt 0.658/0.515) | D 0.138/0.142 | gn 27.45/19.50 | 11.2 img/s
2026-09-29 20:20:11,584 | ep 8 it 900/1000 step 7900 | G 4.663 (adv 0.620/0.402 cyc 1.204/1.608 idt 0.466/0.362) | D 0.094/0.088 | gn 20.74/13.38 | 11.2 img/s
2026-09-29 20:20:20,793 | EPOCH 8 done in 1.5 min | means: {"G_adv_AB": 0.4758, "G_adv_BA": 0.5904, "cyc_A": 1.978, "cyc_B": 2.0784, "idt_A": 0.6037, "idt_B": 0.5842, "loss_G": 6.3104, "D_A": 0.151, "D_B": 0.2042, "gnorm_G": 32.4725, "gnorm_D": 20.3645} | nonfinite so far 0
2026-09-29 20:20:21,249 | ep 9 it 0/1000 step 8000 | G 6.440 (adv 0.560/0.652 cyc 1.545/2.446 idt 0.598/0.639) | D 0.093/0.233 | gn 26.28/18.39 | 9.0 img/s
2026-09-29 20:20:30,353 | ep 9 it 100/1000 step 8100 | G 4.740 (adv 0.186/0.491 cyc 1.709/1.375 idt 0.561/0.418) | D 0.044/0.219 | gn 27.23/19.21 | 11.0 img/s
2026-09-29 20:20:39,525 | ep 9 it 200/1000 step 8200 | G 4.791 (adv 0.246/0.622 cyc 1.234/1.753 idt 0.382/0.553) | D 0.057/0.262 | gn 35.85/17.55 | 10.9 img/s
2026-09-29 20:20:48,489 | ep 9 it 300/1000 step 8300 | G 6.431 (adv 0.790/0.906 cyc 1.216/2.334 idt 0.427/0.759) | D 0.033/0.025 | gn 32.38/8.75 | 11.0 img/s
2026-09-29 20:20:57,563 | ep 9 it 400/1000 step 8400 | G 8.994 (adv 0.799/0.089 cyc 3.780/2.574 idt 1.053/0.698) | D 0.330/0.152 | gn 44.27/25.02 | 11.0 img/s
2026-09-29 20:21:05,970 | ep 9 it 500/1000 step 8500 | G 5.407 (adv 0.584/0.534 cyc 2.110/1.031 idt 0.751/0.398) | D 0.245/0.265 | gn 22.88/32.26 | 11.2 img/s
2026-09-29 20:21:14,732 | ep 9 it 600/1000 step 8600 | G 6.685 (adv 0.200/0.188 cyc 2.702/2.059 idt 0.952/0.584) | D 0.036/0.271 | gn 30.31/11.61 | 11.2 img/s
2026-09-29 20:21:23,453 | ep 9 it 700/1000 step 8700 | G 5.527 (adv 0.541/0.134 cyc 2.119/1.680 idt 0.532/0.521) | D 0.095/0.123 | gn 35.61/23.70 | 11.2 img/s
2026-09-29 20:21:32,152 | ep 9 it 800/1000 step 8800 | G 6.209 (adv 0.822/0.715 cyc 2.009/1.714 idt 0.463/0.486) | D 0.114/0.112 | gn 28.55/12.14 | 11.3 img/s
2026-09-29 20:21:40,857 | ep 9 it 900/1000 step 8900 | G 7.582 (adv 0.485/0.598 cyc 2.726/2.383 idt 0.804/0.587) | D 0.037/0.209 | gn 48.98/18.78 | 11.3 img/s
2026-09-29 20:21:49,162 | EPOCH 9 done in 1.5 min | means: {"G_adv_AB": 0.4852, "G_adv_BA": 0.6151, "cyc_A": 2.0565, "cyc_B": 2.1925, "idt_A": 0.6269, "idt_B": 0.619, "loss_G": 6.5952, "D_A": 0.1415, "D_B": 0.1976, "gnorm_G": 34.6584, "gnorm_D": 19.982} | nonfinite so far 0
2026-09-29 20:21:49,665 | ep 10 it 0/1000 step 9000 | G 8.055 (adv 0.344/0.644 cyc 1.542/3.930 idt 0.629/0.965) | D 0.019/0.152 | gn 30.91/19.20 | 7.2 img/s
2026-09-29 20:21:58,615 | ep 10 it 100/1000 step 9100 | G 5.639 (adv 0.290/0.769 cyc 1.789/1.922 idt 0.495/0.373) | D 0.122/0.110 | gn 27.50/28.51 | 11.1 img/s
2026-09-29 20:22:07,928 | ep 10 it 200/1000 step 9200 | G 6.787 (adv 0.230/0.662 cyc 1.362/3.014 idt 0.395/1.124) | D 0.034/0.090 | gn 33.67/8.19 | 10.9 img/s
2026-09-29 20:22:16,878 | ep 10 it 300/1000 step 9300 | G 5.886 (adv 0.662/0.848 cyc 2.020/1.305 idt 0.644/0.407) | D 0.079/0.125 | gn 38.88/21.84 | 11.0 img/s
2026-09-29 20:22:26,017 | ep 10 it 400/1000 step 9400 | G 8.712 (adv 0.228/0.962 cyc 2.250/3.600 idt 0.766/0.906) | D 0.086/0.182 | gn 57.69/14.95 | 11.0 img/s
2026-09-29 20:22:35,217 | ep 10 it 500/1000 step 9500 | G 6.276 (adv 0.225/0.105 cyc 2.428/2.064 idt 0.792/0.661) | D 0.163/0.148 | gn 31.76/26.01 | 11.0 img/s
2026-09-29 20:22:44,754 | ep 10 it 600/1000 step 9600 | G 10.971 (adv 0.572/0.378 cyc 2.146/5.910 idt 0.817/1.147) | D 0.220/0.083 | gn 46.71/28.26 | 10.9 img/s
2026-09-29 20:22:53,850 | ep 10 it 700/1000 step 9700 | G 6.425 (adv 0.121/0.347 cyc 2.705/1.892 idt 0.774/0.587) | D 0.179/0.081 | gn 27.12/13.62 | 10.9 img/s
2026-09-29 20:23:02,465 | ep 10 it 800/1000 step 9800 | G 8.830 (adv 0.735/0.041 cyc 3.434/2.751 idt 1.072/0.797) | D 0.232/0.029 | gn 30.72/36.82 | 11.0 img/s
2026-09-29 20:23:11,495 | ep 10 it 900/1000 step 9900 | G 4.924 (adv 0.111/0.679 cyc 1.544/1.505 idt 0.624/0.461) | D 0.058/0.352 | gn 30.71/15.07 | 11.0 img/s
2026-09-29 20:23:20,370 | EPOCH 10 done in 1.5 min | means: {"G_adv_AB": 0.4978, "G_adv_BA": 0.6213, "cyc_A": 2.0002, "cyc_B": 2.1374, "idt_A": 0.6143, "idt_B": 0.603, "loss_G": 6.4741, "D_A": 0.1407, "D_B": 0.1874, "gnorm_G": 33.285, "gnorm_D": 20.7567} | nonfinite so far 0
2026-09-29 20:23:20,904 | ep 11 it 0/1000 step 10000 | G 4.478 (adv 0.361/0.743 cyc 1.651/0.770 idt 0.628/0.325) | D 0.062/0.275 | gn 21.19/22.15 | 10.9 img/s
2026-09-29 20:23:30,161 | ep 11 it 100/1000 step 10100 | G 7.328 (adv 0.465/0.644 cyc 1.883/3.063 idt 0.538/0.735) | D 0.079/0.203 | gn 83.08/14.10 | 10.8 img/s
2026-09-29 20:23:39,087 | ep 11 it 200/1000 step 10200 | G 6.967 (adv 0.613/0.594 cyc 2.828/1.676 idt 0.761/0.496) | D 0.071/0.116 | gn 34.32/8.40 | 11.0 img/s
2026-09-29 20:23:48,430 | ep 11 it 300/1000 step 10300 | G 5.942 (adv 0.527/0.175 cyc 2.045/1.922 idt 0.704/0.568) | D 0.191/0.454 | gn 32.38/25.33 | 10.9 img/s
2026-09-29 20:23:57,712 | ep 11 it 400/1000 step 10400 | G 4.159 (adv 0.413/0.180 cyc 1.361/1.424 idt 0.405/0.377) | D 0.305/0.194 | gn 20.83/20.35 | 10.9 img/s
2026-09-29 20:24:07,015 | ep 11 it 500/1000 step 10500 | G 5.320 (adv 0.639/0.406 cyc 1.584/1.696 idt 0.499/0.495) | D 0.171/0.131 | gn 24.13/27.12 | 10.8 img/s
2026-09-29 20:24:15,815 | ep 11 it 600/1000 step 10600 | G 7.602 (adv 0.937/0.297 cyc 1.397/3.608 idt 0.398/0.964) | D 0.123/0.102 | gn 42.78/20.62 | 10.9 img/s
2026-09-29 20:24:25,068 | ep 11 it 700/1000 step 10700 | G 9.442 (adv 1.017/0.703 cyc 2.376/3.370 idt 0.724/1.252) | D 0.171/0.127 | gn 36.32/23.13 | 10.9 img/s
2026-09-29 20:24:34,368 | ep 11 it 800/1000 step 10800 | G 5.437 (adv 0.907/0.341 cyc 1.147/2.079 idt 0.339/0.624) | D 0.111/0.343 | gn 23.38/21.26 | 10.9 img/s
2026-09-29 20:24:43,273 | ep 11 it 900/1000 step 10900 | G 6.675 (adv 0.424/0.780 cyc 1.850/2.577 idt 0.498/0.545) | D 0.193/0.124 | gn 27.69/21.67 | 10.9 img/s
2026-09-29 20:24:52,330 | EPOCH 11 done in 1.5 min | means: {"G_adv_AB": 0.5425, "G_adv_BA": 0.622, "cyc_A": 1.9964, "cyc_B": 2.1079, "idt_A": 0.5968, "idt_B": 0.6057, "loss_G": 6.4714, "D_A": 0.1341, "D_B": 0.1797, "gnorm_G": 34.3498, "gnorm_D": 20.5017} | nonfinite so far 0
2026-09-29 20:24:52,780 | ep 12 it 0/1000 step 11000 | G 5.491 (adv 0.333/0.469 cyc 1.839/1.765 idt 0.528/0.557) | D 0.126/0.065 | gn 20.14/12.76 | 9.8 img/s
2026-09-29 20:25:02,425 | ep 12 it 100/1000 step 11100 | G 7.552 (adv 0.883/0.208 cyc 2.075/2.793 idt 0.721/0.873) | D 0.182/0.073 | gn 36.10/18.90 | 10.4 img/s
2026-09-29 20:25:11,277 | ep 12 it 200/1000 step 11200 | G 5.881 (adv 0.535/0.977 cyc 1.424/1.945 idt 0.440/0.561) | D 0.125/0.164 | gn 33.59/22.60 | 10.8 img/s
2026-09-29 20:25:19,883 | ep 12 it 300/1000 step 11300 | G 5.721 (adv 0.510/0.710 cyc 1.502/1.924 idt 0.408/0.668) | D 0.112/0.108 | gn 55.26/16.40 | 11.1 img/s
2026-09-29 20:25:28,446 | ep 12 it 400/1000 step 11400 | G 7.425 (adv 0.901/1.486 cyc 2.057/1.888 idt 0.565/0.528) | D 0.053/0.047 | gn 34.61/11.53 | 11.2 img/s
2026-09-29 20:25:37,360 | ep 12 it 500/1000 step 11500 | G 6.229 (adv 0.707/0.307 cyc 1.491/2.473 idt 0.445/0.807) | D 0.030/0.120 | gn 37.82/16.10 | 11.2 img/s
2026-09-29 20:25:45,927 | ep 12 it 600/1000 step 11600 | G 5.745 (adv 0.448/0.540 cyc 1.694/1.967 idt 0.546/0.552) | D 0.181/0.175 | gn 26.88/15.83 | 11.3 img/s
2026-09-29 20:25:54,977 | ep 12 it 700/1000 step 11700 | G 6.544 (adv 0.756/1.121 cyc 1.368/2.332 idt 0.431/0.535) | D 0.151/0.035 | gn 37.83/26.07 | 11.3 img/s
2026-09-29 20:26:03,657 | ep 12 it 800/1000 step 11800 | G 5.159 (adv 0.667/0.217 cyc 1.691/1.566 idt 0.511/0.506) | D 0.173/0.531 | gn 24.72/34.57 | 11.3 img/s
2026-09-29 20:26:12,168 | ep 12 it 900/1000 step 11900 | G 7.053 (adv 0.040/0.776 cyc 2.251/2.724 idt 0.583/0.680) | D 0.035/0.129 | gn 39.51/20.23 | 11.3 img/s
2026-09-29 20:26:20,747 | EPOCH 12 done in 1.5 min | means: {"G_adv_AB": 0.5077, "G_adv_BA": 0.6236, "cyc_A": 1.9332, "cyc_B": 2.0062, "idt_A": 0.5896, "idt_B": 0.5711, "loss_G": 6.2314, "D_A": 0.1283, "D_B": 0.1768, "gnorm_G": 34.6705, "gnorm_D": 20.0503} | nonfinite so far 0
2026-09-29 20:26:21,196 | ep 13 it 0/1000 step 12000 | G 5.533 (adv 0.344/0.706 cyc 1.858/1.500 idt 0.596/0.528) | D 0.108/0.151 | gn 46.81/13.74 | 9.1 img/s
2026-09-29 20:26:31,703 | ep 13 it 100/1000 step 12100 | G 4.962 (adv 0.327/0.822 cyc 1.250/1.811 idt 0.369/0.382) | D 0.016/0.085 | gn 26.64/6.72 | 9.5 img/s
2026-09-29 20:26:41,989 | ep 13 it 200/1000 step 12200 | G 5.529 (adv 0.095/0.782 cyc 2.388/1.412 idt 0.499/0.353) | D 0.046/0.080 | gn 44.10/12.98 | 9.6 img/s
2026-09-29 20:26:51,835 | ep 13 it 300/1000 step 12300 | G 5.676 (adv 0.684/0.737 cyc 1.724/1.585 idt 0.420/0.527) | D 0.172/0.200 | gn 31.31/20.68 | 9.8 img/s
2026-09-29 20:27:02,004 | ep 13 it 400/1000 step 12400 | G 8.216 (adv 0.448/0.513 cyc 3.139/2.421 idt 1.000/0.694) | D 0.095/0.084 | gn 30.06/10.03 | 9.8 img/s
2026-09-29 20:27:11,027 | ep 13 it 500/1000 step 12500 | G 5.334 (adv 0.463/0.591 cyc 1.488/1.758 idt 0.477/0.557) | D 0.989/0.287 | gn 19.45/29.24 | 10.0 img/s
2026-09-29 20:27:19,936 | ep 13 it 600/1000 step 12600 | G 5.551 (adv 0.512/0.609 cyc 2.349/1.055 idt 0.728/0.298) | D 0.456/0.094 | gn 85.47/26.08 | 10.2 img/s
2026-09-29 20:27:29,233 | ep 13 it 700/1000 step 12700 | G 4.991 (adv 0.452/1.071 cyc 1.359/1.233 idt 0.438/0.438) | D 0.205/0.139 | gn 38.12/19.68 | 10.3 img/s
2026-09-29 20:27:38,533 | ep 13 it 800/1000 step 12800 | G 7.324 (adv 0.308/0.530 cyc 2.266/2.424 idt 0.953/0.843) | D 0.066/0.368 | gn 40.98/21.84 | 10.3 img/s
2026-09-29 20:27:47,257 | ep 13 it 900/1000 step 12900 | G 5.509 (adv 0.383/0.316 cyc 1.660/2.340 idt 0.398/0.411) | D 0.108/0.133 | gn 34.68/10.10 | 10.5 img/s
2026-09-29 20:27:55,745 | EPOCH 13 done in 1.6 min | means: {"G_adv_AB": 0.4896, "G_adv_BA": 0.5141, "cyc_A": 1.8985, "cyc_B": 1.9925, "idt_A": 0.5805, "idt_B": 0.5556, "loss_G": 6.0307, "D_A": 0.1604, "D_B": 0.1857, "gnorm_G": 37.1514, "gnorm_D": 18.3216} | nonfinite so far 0
2026-09-29 20:27:56,175 | ep 14 it 0/1000 step 13000 | G 10.404 (adv 0.637/1.191 cyc 4.486/2.089 idt 1.318/0.683) | D 0.212/0.065 | gn 33.32/18.54 | 11.3 img/s
2026-09-29 20:28:05,391 | ep 14 it 100/1000 step 13100 | G 4.230 (adv 0.168/0.667 cyc 1.537/0.857 idt 0.593/0.408) | D 0.074/0.314 | gn 29.18/13.85 | 10.9 img/s
2026-09-29 20:28:14,196 | ep 14 it 200/1000 step 13200 | G 5.177 (adv 0.565/0.821 cyc 1.676/1.216 idt 0.508/0.390) | D 0.077/0.061 | gn 36.19/10.80 | 11.1 img/s
2026-09-29 20:28:23,278 | ep 14 it 300/1000 step 13300 | G 4.618 (adv 0.508/0.542 cyc 1.433/1.351 idt 0.425/0.359) | D 0.139/0.083 | gn 27.20/10.78 | 11.1 img/s
2026-09-29 20:28:32,788 | ep 14 it 400/1000 step 13400 | G 4.026 (adv 0.848/0.017 cyc 1.229/1.123 idt 0.420/0.390) | D 0.167/0.315 | gn 16.11/19.10 | 10.9 img/s
2026-09-29 20:28:42,057 | ep 14 it 500/1000 step 13500 | G 6.655 (adv 0.694/0.342 cyc 1.439/3.033 idt 0.491/0.657) | D 0.145/0.081 | gn 25.30/11.45 | 10.9 img/s
2026-09-29 20:28:50,930 | ep 14 it 600/1000 step 13600 | G 6.354 (adv 0.432/0.156 cyc 2.471/1.808 idt 0.904/0.583) | D 0.271/0.326 | gn 36.26/13.74 | 11.0 img/s
2026-09-29 20:28:59,888 | ep 14 it 700/1000 step 13700 | G 5.936 (adv 0.646/0.358 cyc 2.167/1.677 idt 0.614/0.473) | D 0.117/0.297 | gn 36.21/20.06 | 11.0 img/s
2026-09-29 20:29:08,776 | ep 14 it 800/1000 step 13800 | G 7.412 (adv 0.816/0.087 cyc 2.357/2.617 idt 0.769/0.766) | D 0.027/0.038 | gn 85.51/7.45 | 11.0 img/s
2026-09-29 20:29:17,818 | ep 14 it 900/1000 step 13900 | G 5.067 (adv 0.585/0.753 cyc 1.576/1.359 idt 0.479/0.316) | D 0.075/0.043 | gn 25.68/7.83 | 11.0 img/s
2026-09-29 20:29:26,258 | EPOCH 14 done in 1.5 min | means: {"G_adv_AB": 0.4843, "G_adv_BA": 0.442, "cyc_A": 1.9212, "cyc_B": 1.9828, "idt_A": 0.5962, "idt_B": 0.5527, "loss_G": 5.9793, "D_A": 0.1865, "D_B": 0.1881, "gnorm_G": 35.1513, "gnorm_D": 16.7603} | nonfinite so far 0
2026-09-29 20:29:26,689 | ep 15 it 0/1000 step 14000 | G 5.355 (adv 0.657/0.184 cyc 1.833/1.778 idt 0.449/0.453) | D 0.167/0.217 | gn 31.05/13.92 | 10.9 img/s
2026-09-29 20:29:35,186 | ep 15 it 100/1000 step 14100 | G 3.741 (adv 0.459/0.257 cyc 1.134/1.084 idt 0.335/0.472) | D 0.090/0.158 | gn 30.33/12.98 | 11.8 img/s
2026-09-29 20:29:43,885 | ep 15 it 200/1000 step 14200 | G 6.092 (adv 1.196/0.648 cyc 1.578/1.717 idt 0.421/0.531) | D 0.261/0.171 | gn 27.95/17.97 | 11.6 img/s
2026-09-29 20:29:52,515 | ep 15 it 300/1000 step 14300 | G 6.192 (adv 0.325/0.287 cyc 1.898/2.511 idt 0.534/0.637) | D 0.364/0.157 | gn 52.61/12.47 | 11.6 img/s
2026-09-29 20:30:01,257 | ep 15 it 400/1000 step 14400 | G 5.797 (adv 0.278/0.719 cyc 2.025/1.630 idt 0.659/0.486) | D 0.096/0.143 | gn 42.81/15.12 | 11.6 img/s
2026-09-29 20:30:10,071 | ep 15 it 500/1000 step 14500 | G 5.549 (adv 0.259/0.800 cyc 1.545/1.818 idt 0.462/0.666) | D 0.323/0.248 | gn 21.01/15.46 | 11.5 img/s
2026-09-29 20:30:18,768 | ep 15 it 600/1000 step 14600 | G 4.219 (adv 0.325/0.251 cyc 1.307/1.549 idt 0.381/0.405) | D 0.216/0.216 | gn 22.66/7.48 | 11.5 img/s
2026-09-29 20:30:27,913 | ep 15 it 700/1000 step 14700 | G 6.283 (adv 0.702/0.383 cyc 2.541/1.602 idt 0.676/0.379) | D 0.089/0.058 | gn 53.41/9.67 | 11.4 img/s
2026-09-29 20:30:36,436 | ep 15 it 800/1000 step 14800 | G 5.684 (adv 1.044/0.012 cyc 1.908/1.581 idt 0.634/0.505) | D 0.065/0.192 | gn 26.95/20.12 | 11.5 img/s
2026-09-29 20:30:45,043 | ep 15 it 900/1000 step 14900 | G 4.563 (adv 0.279/0.289 cyc 1.524/1.559 idt 0.420/0.491) | D 0.182/0.292 | gn 16.47/23.96 | 11.5 img/s
2026-09-29 20:30:53,429 | EPOCH 15 done in 1.4 min | means: {"G_adv_AB": 0.4991, "G_adv_BA": 0.4284, "cyc_A": 1.9194, "cyc_B": 1.9082, "idt_A": 0.5723, "idt_B": 0.5481, "loss_G": 5.8756, "D_A": 0.1828, "D_B": 0.1782, "gnorm_G": 35.7942, "gnorm_D": 15.9414} | nonfinite so far 0
2026-09-29 20:30:53,962 | ep 16 it 0/1000 step 15000 | G 6.202 (adv 0.606/0.550 cyc 1.903/1.974 idt 0.529/0.639) | D 0.158/0.045 | gn 28.68/6.40 | 10.5 img/s
2026-09-29 20:31:02,943 | ep 16 it 100/1000 step 15100 | G 4.852 (adv 0.141/0.099 cyc 1.318/1.939 idt 0.510/0.844) | D 0.150/0.120 | gn 25.17/16.83 | 11.1 img/s
2026-09-29 20:31:11,951 | ep 16 it 200/1000 step 15200 | G 5.994 (adv 1.141/0.264 cyc 2.429/1.169 idt 0.679/0.312) | D 0.178/0.232 | gn 25.11/17.43 | 11.1 img/s
2026-09-29 20:31:20,929 | ep 16 it 300/1000 step 15300 | G 4.563 (adv 0.533/0.213 cyc 1.302/1.706 idt 0.304/0.505) | D 0.188/0.279 | gn 21.15/17.30 | 11.1 img/s
2026-09-29 20:31:30,188 | ep 16 it 400/1000 step 15400 | G 5.588 (adv 0.133/0.312 cyc 1.745/1.985 idt 0.797/0.617) | D 0.173/0.255 | gn 28.30/14.56 | 11.0 img/s
2026-09-29 20:31:38,659 | ep 16 it 500/1000 step 15500 | G 5.980 (adv 1.079/0.976 cyc 1.352/1.799 idt 0.442/0.332) | D 0.043/0.102 | gn 22.10/10.22 | 11.2 img/s
2026-09-29 20:31:48,033 | ep 16 it 600/1000 step 15600 | G 4.585 (adv 0.453/0.449 cyc 1.191/1.850 idt 0.324/0.317) | D 0.100/0.054 | gn 21.33/11.30 | 11.1 img/s
2026-09-29 20:31:57,577 | ep 16 it 700/1000 step 15700 | G 6.157 (adv 0.157/0.414 cyc 2.253/2.226 idt 0.509/0.598) | D 0.155/0.119 | gn 44.00/20.24 | 11.0 img/s
2026-09-29 20:32:06,753 | ep 16 it 800/1000 step 15800 | G 5.939 (adv 0.175/1.152 cyc 1.753/1.781 idt 0.511/0.567) | D 0.121/0.231 | gn 25.92/15.05 | 11.0 img/s
2026-09-29 20:32:15,555 | ep 16 it 900/1000 step 15900 | G 5.129 (adv 0.324/0.331 cyc 2.384/1.224 idt 0.528/0.339) | D 0.112/0.291 | gn 32.05/13.72 | 11.0 img/s
2026-09-29 20:32:24,444 | EPOCH 16 done in 1.5 min | means: {"G_adv_AB": 0.4781, "G_adv_BA": 0.4336, "cyc_A": 1.7953, "cyc_B": 1.8467, "idt_A": 0.5506, "idt_B": 0.5304, "loss_G": 5.6346, "D_A": 0.1859, "D_B": 0.1821, "gnorm_G": 30.5015, "gnorm_D": 15.1693} | nonfinite so far 0
2026-09-29 20:32:24,882 | ep 17 it 0/1000 step 16000 | G 6.079 (adv 0.852/0.175 cyc 1.967/1.922 idt 0.690/0.473) | D 0.240/0.209 | gn 32.55/15.76 | 11.8 img/s
2026-09-29 20:32:33,851 | ep 17 it 100/1000 step 16100 | G 5.181 (adv 0.308/0.540 cyc 1.801/1.510 idt 0.528/0.494) | D 0.180/0.403 | gn 23.92/16.53 | 11.2 img/s
2026-09-29 20:32:42,511 | ep 17 it 200/1000 step 16200 | G 6.494 (adv 1.032/0.400 cyc 2.093/1.968 idt 0.583/0.418) | D 0.140/0.406 | gn 33.37/18.80 | 11.3 img/s
2026-09-29 20:32:51,691 | ep 17 it 300/1000 step 16300 | G 6.703 (adv 0.668/0.760 cyc 2.109/2.138 idt 0.636/0.392) | D 0.216/0.238 | gn 32.23/14.99 | 11.2 img/s
2026-09-29 20:33:00,843 | ep 17 it 400/1000 step 16400 | G 5.516 (adv 0.254/0.444 cyc 1.762/1.704 idt 0.661/0.690) | D 0.103/0.258 | gn 37.59/19.17 | 11.1 img/s
2026-09-29 20:33:09,840 | ep 17 it 500/1000 step 16500 | G 6.844 (adv 0.576/0.530 cyc 1.767/2.693 idt 0.604/0.673) | D 0.103/0.108 | gn 32.22/8.37 | 11.1 img/s
2026-09-29 20:33:18,387 | ep 17 it 600/1000 step 16600 | G 5.444 (adv 0.590/0.171 cyc 1.338/2.266 idt 0.342/0.739) | D 0.159/0.186 | gn 17.22/14.12 | 11.2 img/s
2026-09-29 20:33:26,865 | ep 17 it 700/1000 step 16700 | G 6.331 (adv 0.889/0.451 cyc 2.173/1.588 idt 0.778/0.452) | D 0.189/0.413 | gn 28.86/24.70 | 11.3 img/s
2026-09-29 20:33:35,592 | ep 17 it 800/1000 step 16800 | G 5.548 (adv 0.157/0.905 cyc 1.926/1.536 idt 0.625/0.399) | D 0.166/0.045 | gn 27.15/9.15 | 11.3 img/s
2026-09-29 20:33:44,152 | ep 17 it 900/1000 step 16900 | G 5.579 (adv 0.131/0.367 cyc 2.131/1.738 idt 0.655/0.558) | D 0.338/0.343 | gn 22.00/19.24 | 11.4 img/s
2026-09-29 20:33:52,383 | EPOCH 17 done in 1.5 min | means: {"G_adv_AB": 0.5134, "G_adv_BA": 0.4551, "cyc_A": 1.8235, "cyc_B": 1.8292, "idt_A": 0.554, "idt_B": 0.5231, "loss_G": 5.6983, "D_A": 0.1671, "D_B": 0.1653, "gnorm_G": 32.6429, "gnorm_D": 15.291} | nonfinite so far 0
2026-09-29 20:33:52,800 | ep 18 it 0/1000 step 17000 | G 4.682 (adv 0.700/0.164 cyc 1.633/1.420 idt 0.427/0.338) | D 0.254/0.110 | gn 33.45/10.32 | 12.7 img/s
2026-09-29 20:34:01,921 | ep 18 it 100/1000 step 17100 | G 4.769 (adv 0.323/0.369 cyc 1.426/1.618 idt 0.641/0.393) | D 0.299/0.139 | gn 33.40/9.68 | 11.0 img/s
2026-09-29 20:34:10,946 | ep 18 it 200/1000 step 17200 | G 5.723 (adv 0.614/0.568 cyc 2.019/1.220 idt 0.742/0.560) | D 0.211/0.123 | gn 19.59/8.72 | 11.0 img/s
2026-09-29 20:34:19,901 | ep 18 it 300/1000 step 17300 | G 4.160 (adv 0.473/0.341 cyc 1.399/1.229 idt 0.457/0.262) | D 0.180/0.325 | gn 27.75/12.00 | 11.1 img/s
2026-09-29 20:34:28,804 | ep 18 it 400/1000 step 17400 | G 5.182 (adv 0.380/0.142 cyc 1.960/1.710 idt 0.535/0.455) | D 0.242/0.080 | gn 34.55/16.34 | 11.1 img/s
2026-09-29 20:34:37,283 | ep 18 it 500/1000 step 17500 | G 6.357 (adv 0.150/0.146 cyc 2.093/2.555 idt 0.708/0.704) | D 0.237/0.182 | gn 34.89/15.55 | 11.2 img/s
2026-09-29 20:34:46,220 | ep 18 it 600/1000 step 17600 | G 4.673 (adv 0.463/0.501 cyc 1.539/1.280 idt 0.491/0.399) | D 0.094/0.165 | gn 27.78/10.21 | 11.2 img/s
2026-09-29 20:34:55,404 | ep 18 it 700/1000 step 17700 | G 7.463 (adv 1.034/0.178 cyc 2.472/2.335 idt 0.770/0.674) | D 0.054/0.306 | gn 40.12/19.21 | 11.2 img/s
2026-09-29 20:35:04,211 | ep 18 it 800/1000 step 17800 | G 4.456 (adv 0.216/0.098 cyc 1.514/1.638 idt 0.498/0.492) | D 0.025/0.197 | gn 17.75/11.19 | 11.2 img/s
2026-09-29 20:35:13,785 | ep 18 it 900/1000 step 17900 | G 4.890 (adv 0.724/0.985 cyc 1.655/0.859 idt 0.417/0.251) | D 0.050/0.040 | gn 26.51/7.00 | 11.1 img/s
2026-09-29 20:35:23,158 | EPOCH 18 done in 1.5 min | means: {"G_adv_AB": 0.4967, "G_adv_BA": 0.4588, "cyc_A": 1.8484, "cyc_B": 1.8541, "idt_A": 0.568, "idt_B": 0.5227, "loss_G": 5.7488, "D_A": 0.1565, "D_B": 0.1679, "gnorm_G": 33.5503, "gnorm_D": 15.1873} | nonfinite so far 0
2026-09-29 20:35:23,593 | ep 19 it 0/1000 step 18000 | G 5.337 (adv 0.786/0.323 cyc 2.021/1.293 idt 0.642/0.270) | D 0.039/0.174 | gn 38.90/15.44 | 10.9 img/s
2026-09-29 20:35:32,877 | ep 19 it 100/1000 step 18100 | G 3.936 (adv 0.540/0.563 cyc 0.943/1.226 idt 0.297/0.368) | D 0.147/0.147 | gn 18.61/14.02 | 10.8 img/s
2026-09-29 20:35:42,290 | ep 19 it 200/1000 step 18200 | G 6.228 (adv 0.551/0.817 cyc 1.360/2.317 idt 0.432/0.751) | D 0.069/0.027 | gn 33.43/9.20 | 10.7 img/s
2026-09-29 20:35:51,725 | ep 19 it 300/1000 step 18300 | G 4.742 (adv 0.150/0.086 cyc 1.611/1.866 idt 0.417/0.612) | D 0.358/0.220 | gn 27.38/20.22 | 10.7 img/s
2026-09-29 20:36:01,013 | ep 19 it 400/1000 step 18400 | G 5.901 (adv 0.564/0.746 cyc 1.518/1.938 idt 0.418/0.717) | D 0.146/0.043 | gn 44.11/10.19 | 10.7 img/s
2026-09-29 20:36:10,250 | ep 19 it 500/1000 step 18500 | G 4.243 (adv 0.799/0.359 cyc 1.340/0.919 idt 0.501/0.324) | D 0.153/0.227 | gn 16.33/36.82 | 10.7 img/s
2026-09-29 20:36:19,234 | ep 19 it 600/1000 step 18600 | G 4.578 (adv 0.511/0.433 cyc 1.579/1.127 idt 0.587/0.340) | D 0.100/0.138 | gn 27.40/11.79 | 10.8 img/s
2026-09-29 20:36:28,196 | ep 19 it 700/1000 step 18700 | G 3.948 (adv 0.223/0.446 cyc 1.035/1.441 idt 0.375/0.428) | D 0.174/0.062 | gn 19.66/9.79 | 10.8 img/s
2026-09-29 20:36:37,505 | ep 19 it 800/1000 step 18800 | G 5.202 (adv 0.630/0.865 cyc 1.204/1.561 idt 0.378/0.563) | D 0.074/0.099 | gn 29.77/10.89 | 10.8 img/s
2026-09-29 20:36:45,965 | ep 19 it 900/1000 step 18900 | G 6.820 (adv 0.361/0.826 cyc 3.279/1.245 idt 0.786/0.325) | D 0.185/0.109 | gn 35.15/19.35 | 10.9 img/s
2026-09-29 20:36:54,768 | EPOCH 19 done in 1.5 min | means: {"G_adv_AB": 0.4823, "G_adv_BA": 0.4697, "cyc_A": 1.765, "cyc_B": 1.8059, "idt_A": 0.5541, "idt_B": 0.5091, "loss_G": 5.586, "D_A": 0.1517, "D_B": 0.1713, "gnorm_G": 31.31, "gnorm_D": 15.714} | nonfinite so far 0
2026-09-29 20:36:55,203 | ep 20 it 0/1000 step 19000 | G 4.567 (adv 0.435/0.209 cyc 1.468/1.552 idt 0.535/0.368) | D 0.188/0.192 | gn 20.24/13.25 | 11.4 img/s
2026-09-29 20:37:03,949 | ep 20 it 100/1000 step 19100 | G 8.631 (adv 0.467/0.232 cyc 4.298/1.715 idt 1.468/0.451) | D 0.106/0.070 | gn 41.31/15.75 | 11.4 img/s
2026-09-29 20:37:12,704 | ep 20 it 200/1000 step 19200 | G 5.832 (adv 0.587/0.389 cyc 1.811/1.978 idt 0.594/0.473) | D 0.182/0.053 | gn 38.05/11.26 | 11.4 img/s
2026-09-29 20:37:21,375 | ep 20 it 300/1000 step 19300 | G 5.216 (adv 0.876/0.068 cyc 1.782/1.498 idt 0.513/0.479) | D 0.028/0.106 | gn 41.11/11.39 | 11.5 img/s
2026-09-29 20:37:29,971 | ep 20 it 400/1000 step 19400 | G 4.293 (adv 0.233/0.352 cyc 1.588/1.309 idt 0.382/0.428) | D 0.185/0.170 | gn 19.54/19.64 | 11.5 img/s
2026-09-29 20:37:38,498 | ep 20 it 500/1000 step 19500 | G 4.845 (adv 0.313/0.385 cyc 1.686/1.407 idt 0.580/0.473) | D 0.129/0.047 | gn 24.04/11.56 | 11.5 img/s
2026-09-29 20:37:46,528 | ep 20 it 600/1000 step 19600 | G 6.123 (adv 0.221/0.673 cyc 2.343/1.614 idt 0.674/0.597) | D 0.051/0.213 | gn 24.98/24.84 | 11.7 img/s
2026-09-29 20:37:55,298 | ep 20 it 700/1000 step 19700 | G 5.075 (adv 0.439/0.153 cyc 2.369/1.256 idt 0.503/0.355) | D 0.244/0.226 | gn 62.14/13.52 | 11.6 img/s
2026-09-29 20:38:03,913 | ep 20 it 800/1000 step 19800 | G 4.819 (adv 0.541/0.306 cyc 1.317/1.734 idt 0.413/0.507) | D 0.437/0.294 | gn 20.29/23.10 | 11.6 img/s
2026-09-29 20:38:12,806 | ep 20 it 900/1000 step 19900 | G 5.724 (adv 0.390/0.212 cyc 2.004/1.885 idt 0.553/0.680) | D 0.234/0.213 | gn 34.82/21.11 | 11.6 img/s
2026-09-29 20:38:21,433 | EPOCH 20 done in 1.4 min | means: {"G_adv_AB": 0.5256, "G_adv_BA": 0.4706, "cyc_A": 1.7611, "cyc_B": 1.7093, "idt_A": 0.5414, "idt_B": 0.4947, "loss_G": 5.5027, "D_A": 0.1537, "D_B": 0.1547, "gnorm_G": 31.6162, "gnorm_D": 16.7089} | nonfinite so far 0
2026-09-29 20:38:21,917 | ep 21 it 0/1000 step 20000 | G 4.776 (adv 0.506/0.248 cyc 2.119/1.198 idt 0.434/0.272) | D 0.162/0.180 | gn 37.57/15.58 | 11.2 img/s
2026-09-29 20:38:30,474 | ep 21 it 100/1000 step 20100 | G 4.395 (adv 0.961/0.155 cyc 1.389/1.113 idt 0.491/0.285) | D 0.029/0.189 | gn 27.41/13.76 | 11.7 img/s
2026-09-29 20:38:39,127 | ep 21 it 200/1000 step 20200 | G 5.286 (adv 1.252/0.063 cyc 1.758/1.339 idt 0.570/0.305) | D 0.312/0.412 | gn 30.07/41.85 | 11.6 img/s
2026-09-29 20:38:47,800 | ep 21 it 300/1000 step 20300 | G 5.446 (adv 0.334/0.515 cyc 2.173/1.542 idt 0.451/0.431) | D 0.227/0.173 | gn 41.76/16.29 | 11.6 img/s
2026-09-29 20:38:56,456 | ep 21 it 400/1000 step 20400 | G 4.897 (adv 0.179/0.611 cyc 2.132/0.749 idt 0.890/0.336) | D 0.098/0.035 | gn 25.57/7.48 | 11.6 img/s
2026-09-29 20:39:05,472 | ep 21 it 500/1000 step 20500 | G 6.334 (adv 0.166/0.352 cyc 2.555/1.710 idt 0.934/0.617) | D 0.199/0.109 | gn 30.46/17.58 | 11.5 img/s
2026-09-29 20:39:14,519 | ep 21 it 600/1000 step 20600 | G 4.866 (adv 0.282/0.155 cyc 2.193/1.320 idt 0.501/0.414) | D 0.217/0.146 | gn 29.52/22.07 | 11.4 img/s
2026-09-29 20:39:23,695 | ep 21 it 700/1000 step 20700 | G 4.953 (adv 0.502/0.443 cyc 1.420/1.658 idt 0.510/0.420) | D 0.235/0.066 | gn 24.21/10.24 | 11.3 img/s
2026-09-29 20:39:32,568 | ep 21 it 800/1000 step 20800 | G 5.237 (adv 0.387/0.561 cyc 1.007/2.168 idt 0.300/0.814) | D 0.088/0.093 | gn 20.98/12.65 | 11.3 img/s
2026-09-29 20:39:41,499 | ep 21 it 900/1000 step 20900 | G 5.061 (adv 0.375/0.354 cyc 1.616/1.671 idt 0.548/0.496) | D 0.111/0.033 | gn 16.77/8.31 | 11.3 img/s
2026-09-29 20:39:50,377 | EPOCH 21 done in 1.5 min | means: {"G_adv_AB": 0.5294, "G_adv_BA": 0.4866, "cyc_A": 1.7385, "cyc_B": 1.6771, "idt_A": 0.5469, "idt_B": 0.4841, "loss_G": 5.4625, "D_A": 0.149, "D_B": 0.152, "gnorm_G": 33.5257, "gnorm_D": 17.5703} | nonfinite so far 0
2026-09-29 20:39:50,816 | ep 22 it 0/1000 step 21000 | G 4.178 (adv 0.458/0.097 cyc 1.360/1.302 idt 0.434/0.526) | D 0.378/0.093 | gn 20.89/24.90 | 9.7 img/s
2026-09-29 20:39:59,769 | ep 22 it 100/1000 step 21100 | G 6.574 (adv 0.585/0.445 cyc 2.295/1.694 idt 0.790/0.765) | D 0.072/0.075 | gn 47.86/8.40 | 11.2 img/s
2026-09-29 20:40:08,961 | ep 22 it 200/1000 step 21200 | G 7.133 (adv 0.958/0.548 cyc 1.551/2.666 idt 0.684/0.726) | D 0.091/0.011 | gn 62.65/7.38 | 11.0 img/s
2026-09-29 20:40:18,660 | ep 22 it 300/1000 step 21300 | G 4.278 (adv 0.521/0.386 cyc 1.311/1.328 idt 0.402/0.330) | D 0.153/0.058 | gn 24.83/8.74 | 10.8 img/s
2026-09-29 20:40:27,515 | ep 22 it 400/1000 step 21400 | G 5.928 (adv 1.155/1.390 cyc 1.455/1.083 idt 0.469/0.376) | D 0.313/0.164 | gn 86.82/28.61 | 10.9 img/s
2026-09-29 20:40:36,806 | ep 22 it 500/1000 step 21500 | G 4.481 (adv 0.343/0.755 cyc 1.374/1.120 idt 0.361/0.527) | D 0.269/0.073 | gn 15.80/26.14 | 10.9 img/s
2026-09-29 20:40:45,948 | ep 22 it 600/1000 step 21600 | G 5.270 (adv 0.899/0.252 cyc 2.210/1.055 idt 0.569/0.285) | D 0.100/0.253 | gn 64.27/20.69 | 10.9 img/s
2026-09-29 20:40:55,215 | ep 22 it 700/1000 step 21700 | G 8.118 (adv 0.651/0.753 cyc 1.444/3.618 idt 0.549/1.104) | D 0.144/0.015 | gn 28.85/6.88 | 10.9 img/s
2026-09-29 20:41:04,340 | ep 22 it 800/1000 step 21800 | G 4.667 (adv 0.313/0.566 cyc 1.445/1.499 idt 0.434/0.410) | D 0.161/0.324 | gn 15.88/29.07 | 10.9 img/s
2026-09-29 20:41:12,952 | ep 22 it 900/1000 step 21900 | G 6.344 (adv 1.475/0.761 cyc 1.286/1.835 idt 0.438/0.549) | D 0.025/0.542 | gn 21.52/48.47 | 11.0 img/s
2026-09-29 20:41:21,271 | EPOCH 22 done in 1.5 min | means: {"G_adv_AB": 0.5617, "G_adv_BA": 0.4811, "cyc_A": 1.666, "cyc_B": 1.6217, "idt_A": 0.5244, "idt_B": 0.4745, "loss_G": 5.3294, "D_A": 0.1429, "D_B": 0.1357, "gnorm_G": 33.7145, "gnorm_D": 16.7929} | nonfinite so far 0
2026-09-29 20:41:21,679 | ep 23 it 0/1000 step 22000 | G 4.237 (adv 0.303/0.503 cyc 0.978/1.492 idt 0.498/0.464) | D 0.306/0.116 | gn 28.44/13.37 | 10.4 img/s
2026-09-29 20:41:30,354 | ep 23 it 100/1000 step 22100 | G 3.843 (adv 0.310/0.711 cyc 1.087/1.093 idt 0.322/0.320) | D 0.115/0.083 | gn 19.54/8.73 | 11.5 img/s
2026-09-29 20:41:39,061 | ep 23 it 200/1000 step 22200 | G 6.148 (adv 0.253/0.253 cyc 1.559/2.513 idt 0.533/1.037) | D 0.061/0.126 | gn 86.24/15.41 | 11.5 img/s
2026-09-29 20:41:47,584 | ep 23 it 300/1000 step 22300 | G 5.507 (adv 0.353/0.311 cyc 2.223/1.521 idt 0.716/0.383) | D 0.201/0.365 | gn 29.75/12.08 | 11.6 img/s
2026-09-29 20:41:56,069 | ep 23 it 400/1000 step 22400 | G 4.441 (adv 0.418/0.252 cyc 1.362/1.406 idt 0.503/0.500) | D 0.176/0.203 | gn 26.35/17.33 | 11.6 img/s
2026-09-29 20:42:04,742 | ep 23 it 500/1000 step 22500 | G 6.624 (adv 0.511/1.086 cyc 1.724/2.172 idt 0.517/0.615) | D 0.190/0.072 | gn 37.52/14.29 | 11.6 img/s
2026-09-29 20:42:13,443 | ep 23 it 600/1000 step 22600 | G 4.920 (adv 0.265/0.730 cyc 1.871/1.238 idt 0.566/0.249) | D 0.116/0.069 | gn 24.48/15.28 | 11.6 img/s
2026-09-29 20:42:21,917 | ep 23 it 700/1000 step 22700 | G 5.332 (adv 0.844/0.540 cyc 1.257/1.678 idt 0.576/0.436) | D 0.036/0.225 | gn 27.59/14.50 | 11.6 img/s
2026-09-29 20:42:30,631 | ep 23 it 800/1000 step 22800 | G 4.286 (adv 0.489/0.228 cyc 1.346/1.296 idt 0.478/0.449) | D 0.190/0.022 | gn 24.88/7.82 | 11.6 img/s
2026-09-29 20:42:38,636 | ep 23 it 900/1000 step 22900 | G 5.004 (adv 0.663/0.904 cyc 1.548/1.148 idt 0.436/0.305) | D 0.107/0.071 | gn 90.39/13.53 | 11.7 img/s
2026-09-29 20:42:46,985 | EPOCH 23 done in 1.4 min | means: {"G_adv_AB": 0.4832, "G_adv_BA": 0.4882, "cyc_A": 1.6278, "cyc_B": 1.6016, "idt_A": 0.531, "idt_B": 0.4716, "loss_G": 5.2035, "D_A": 0.1399, "D_B": 0.1659, "gnorm_G": 32.9418, "gnorm_D": 16.7297} | nonfinite so far 0
2026-09-29 20:42:47,388 | ep 24 it 0/1000 step 23000 | G 6.856 (adv 0.169/0.275 cyc 3.062/1.924 idt 0.966/0.459) | D 0.161/0.201 | gn 40.48/16.44 | 11.2 img/s
2026-09-29 20:42:56,099 | ep 24 it 100/1000 step 23100 | G 5.206 (adv 0.704/0.310 cyc 2.353/0.714 idt 0.974/0.151) | D 0.072/0.045 | gn 34.55/11.19 | 11.5 img/s
2026-09-29 20:43:04,657 | ep 24 it 200/1000 step 23200 | G 3.847 (adv 0.760/0.158 cyc 1.103/1.091 idt 0.303/0.432) | D 0.241/0.022 | gn 23.72/14.14 | 11.6 img/s
2026-09-29 20:43:13,248 | ep 24 it 300/1000 step 23300 | G 4.942 (adv 0.663/0.359 cyc 1.218/1.737 idt 0.376/0.590) | D 0.030/0.078 | gn 17.60/15.30 | 11.6 img/s
2026-09-29 20:43:22,295 | ep 24 it 400/1000 step 23400 | G 4.709 (adv 0.288/1.096 cyc 1.384/1.182 idt 0.457/0.301) | D 0.094/0.078 | gn 30.81/14.68 | 11.5 img/s
2026-09-29 20:43:30,897 | ep 24 it 500/1000 step 23500 | G 6.064 (adv 0.308/0.539 cyc 2.392/1.481 idt 0.963/0.381) | D 0.122/0.049 | gn 31.37/15.18 | 11.5 img/s
2026-09-29 20:43:40,570 | ep 24 it 600/1000 step 23600 | G 4.344 (adv 0.593/0.726 cyc 1.293/1.028 idt 0.390/0.314) | D 0.191/0.089 | gn 31.67/13.70 | 11.3 img/s
2026-09-29 20:43:49,696 | ep 24 it 700/1000 step 23700 | G 4.350 (adv 0.440/0.976 cyc 1.081/1.051 idt 0.354/0.448) | D 0.023/0.068 | gn 30.01/17.89 | 11.2 img/s
2026-09-29 20:43:58,897 | ep 24 it 800/1000 step 23800 | G 6.193 (adv 0.089/0.480 cyc 3.003/1.390 idt 0.799/0.432) | D 0.179/0.180 | gn 68.79/17.98 | 11.2 img/s
2026-09-29 20:44:07,836 | ep 24 it 900/1000 step 23900 | G 4.775 (adv 0.635/0.253 cyc 1.442/1.531 idt 0.415/0.499) | D 0.038/0.089 | gn 35.05/9.30 | 11.2 img/s
2026-09-29 20:44:16,433 | EPOCH 24 done in 1.5 min | means: {"G_adv_AB": 0.53, "G_adv_BA": 0.5013, "cyc_A": 1.6008, "cyc_B": 1.5814, "idt_A": 0.5176, "idt_B": 0.4715, "loss_G": 5.2026, "D_A": 0.1352, "D_B": 0.1408, "gnorm_G": 36.4868, "gnorm_D": 19.2063} | nonfinite so far 0
2026-09-29 20:44:16,875 | ep 25 it 0/1000 step 24000 | G 8.054 (adv 0.700/1.182 cyc 2.490/2.426 idt 0.667/0.590) | D 0.026/0.047 | gn 41.86/7.50 | 9.6 img/s
2026-09-29 20:44:26,000 | ep 25 it 100/1000 step 24100 | G 5.154 (adv 0.395/0.404 cyc 1.928/1.271 idt 0.759/0.398) | D 0.154/0.083 | gn 44.82/18.45 | 10.9 img/s
2026-09-29 20:44:35,380 | ep 25 it 200/1000 step 24200 | G 5.203 (adv 0.915/0.518 cyc 1.690/1.149 idt 0.508/0.423) | D 0.057/0.025 | gn 33.70/8.77 | 10.8 img/s
2026-09-29 20:44:44,704 | ep 25 it 300/1000 step 24300 | G 4.509 (adv 0.682/0.345 cyc 1.726/0.795 idt 0.773/0.188) | D 0.113/0.082 | gn 31.32/24.52 | 10.8 img/s
2026-09-29 20:44:53,478 | ep 25 it 400/1000 step 24400 | G 7.162 (adv 0.663/0.578 cyc 2.274/2.361 idt 0.680/0.607) | D 0.062/0.175 | gn 41.88/17.96 | 10.9 img/s
2026-09-29 20:45:02,572 | ep 25 it 500/1000 step 24500 | G 5.313 (adv 1.027/0.388 cyc 1.999/1.048 idt 0.566/0.285) | D 0.193/0.074 | gn 37.63/11.34 | 10.9 img/s
2026-09-29 20:45:11,340 | ep 25 it 600/1000 step 24600 | G 4.650 (adv 0.707/0.682 cyc 1.404/1.134 idt 0.344/0.380) | D 0.118/0.077 | gn 136.53/12.65 | 11.0 img/s
2026-09-29 20:45:20,371 | ep 25 it 700/1000 step 24700 | G 6.226 (adv 0.311/0.863 cyc 1.267/2.556 idt 0.495/0.734) | D 0.192/0.188 | gn 30.29/24.12 | 11.0 img/s
2026-09-29 20:45:29,152 | ep 25 it 800/1000 step 24800 | G 4.021 (adv 1.071/0.568 cyc 1.051/0.841 idt 0.250/0.239) | D 0.049/0.035 | gn 27.69/10.76 | 11.1 img/s
2026-09-29 20:45:38,152 | ep 25 it 900/1000 step 24900 | G 4.756 (adv 0.669/0.922 cyc 1.770/0.797 idt 0.384/0.215) | D 0.210/0.033 | gn 30.15/15.51 | 11.1 img/s
2026-09-29 20:45:46,672 | EPOCH 25 done in 1.5 min | means: {"G_adv_AB": 0.5462, "G_adv_BA": 0.5069, "cyc_A": 1.5925, "cyc_B": 1.5794, "idt_A": 0.5121, "idt_B": 0.4645, "loss_G": 5.2017, "D_A": 0.1302, "D_B": 0.1345, "gnorm_G": 40.2013, "gnorm_D": 19.2782} | nonfinite so far 0
2026-09-29 20:45:47,137 | ep 26 it 0/1000 step 25000 | G 5.429 (adv 0.340/0.243 cyc 1.710/2.009 idt 0.449/0.678) | D 0.158/0.077 | gn 29.88/15.54 | 12.2 img/s
2026-09-29 20:45:56,213 | ep 26 it 100/1000 step 25100 | G 6.526 (adv 0.573/0.250 cyc 1.480/2.909 idt 0.548/0.767) | D 0.178/0.068 | gn 27.53/12.55 | 11.0 img/s
2026-09-29 20:46:06,046 | ep 26 it 200/1000 step 25200 | G 5.119 (adv 0.777/0.778 cyc 1.287/1.482 idt 0.376/0.419) | D 0.018/0.023 | gn 50.22/6.56 | 10.6 img/s
2026-09-29 20:46:15,176 | ep 26 it 300/1000 step 25300 | G 5.832 (adv 0.342/0.305 cyc 2.120/1.906 idt 0.640/0.519) | D 0.169/0.139 | gn 42.60/16.59 | 10.7 img/s
2026-09-29 20:46:24,198 | ep 26 it 400/1000 step 25400 | G 5.386 (adv 0.476/0.573 cyc 1.616/1.264 idt 0.756/0.701) | D 0.131/0.038 | gn 44.39/10.16 | 10.8 img/s
2026-09-29 20:46:33,358 | ep 26 it 500/1000 step 25500 | G 4.754 (adv 1.128/0.278 cyc 1.752/0.853 idt 0.528/0.214) | D 0.181/0.141 | gn 24.55/25.16 | 10.8 img/s
2026-09-29 20:46:42,671 | ep 26 it 600/1000 step 25600 | G 4.448 (adv 0.551/0.028 cyc 1.280/1.663 idt 0.410/0.516) | D 0.061/0.300 | gn 32.14/19.22 | 10.8 img/s
2026-09-29 20:46:51,662 | ep 26 it 700/1000 step 25700 | G 8.332 (adv 0.752/0.933 cyc 3.518/1.773 idt 0.838/0.519) | D 0.067/0.204 | gn 63.76/32.53 | 10.9 img/s
2026-09-29 20:47:01,387 | ep 26 it 800/1000 step 25800 | G 8.462 (adv 0.390/0.449 cyc 1.428/4.363 idt 0.507/1.325) | D 0.189/0.038 | gn 60.12/13.41 | 10.8 img/s
2026-09-29 20:47:10,630 | ep 26 it 900/1000 step 25900 | G 4.684 (adv 0.532/0.776 cyc 1.501/1.026 idt 0.540/0.309) | D 0.082/0.085 | gn 58.92/23.65 | 10.8 img/s
2026-09-29 20:47:20,079 | EPOCH 26 done in 1.6 min | means: {"G_adv_AB": 0.5546, "G_adv_BA": 0.5326, "cyc_A": 1.5441, "cyc_B": 1.5029, "idt_A": 0.5011, "idt_B": 0.4503, "loss_G": 5.0857, "D_A": 0.1269, "D_B": 0.1323, "gnorm_G": 42.6451, "gnorm_D": 19.8858} | nonfinite so far 0
2026-09-29 20:47:20,489 | ep 27 it 0/1000 step 26000 | G 5.464 (adv 0.760/0.842 cyc 1.729/1.299 idt 0.566/0.269) | D 0.068/0.024 | gn 42.95/7.30 | 12.5 img/s
2026-09-29 20:47:29,422 | ep 27 it 100/1000 step 26100 | G 5.943 (adv 0.383/1.055 cyc 1.726/1.811 idt 0.464/0.503) | D 0.083/0.251 | gn 47.72/12.89 | 11.2 img/s
2026-09-29 20:47:38,930 | ep 27 it 200/1000 step 26200 | G 5.016 (adv 0.707/0.246 cyc 1.713/1.338 idt 0.674/0.338) | D 0.230/0.126 | gn 34.85/18.05 | 10.9 img/s
2026-09-29 20:47:48,148 | ep 27 it 300/1000 step 26300 | G 4.812 (adv 0.381/0.637 cyc 1.594/1.383 idt 0.425/0.392) | D 0.252/0.277 | gn 26.18/45.64 | 10.9 img/s
2026-09-29 20:47:57,945 | ep 27 it 400/1000 step 26400 | G 5.351 (adv 0.190/0.136 cyc 1.843/1.659 idt 1.033/0.489) | D 0.191/0.212 | gn 37.67/33.93 | 10.7 img/s
2026-09-29 20:48:07,313 | ep 27 it 500/1000 step 26500 | G 3.978 (adv 0.559/0.224 cyc 1.317/1.024 idt 0.470/0.383) | D 0.279/0.074 | gn 59.28/11.93 | 10.7 img/s
2026-09-29 20:48:16,270 | ep 27 it 600/1000 step 26600 | G 4.188 (adv 0.318/0.701 cyc 0.978/1.432 idt 0.403/0.356) | D 0.197/0.037 | gn 42.59/11.16 | 10.8 img/s
2026-09-29 20:48:25,070 | ep 27 it 700/1000 step 26700 | G 4.541 (adv 0.257/0.257 cyc 1.562/1.446 idt 0.472/0.547) | D 0.201/0.090 | gn 49.18/11.66 | 10.8 img/s
2026-09-29 20:48:34,537 | ep 27 it 800/1000 step 26800 | G 4.097 (adv 0.084/0.459 cyc 1.112/1.193 idt 0.752/0.498) | D 0.065/0.463 | gn 23.57/43.62 | 10.8 img/s
2026-09-29 20:48:43,498 | ep 27 it 900/1000 step 26900 | G 4.610 (adv 0.226/0.653 cyc 1.421/1.359 idt 0.540/0.411) | D 0.438/0.334 | gn 21.52/28.10 | 10.8 img/s
2026-09-29 20:48:53,136 | EPOCH 27 done in 1.5 min | means: {"G_adv_AB": 0.5504, "G_adv_BA": 0.5324, "cyc_A": 1.5241, "cyc_B": 1.4968, "idt_A": 0.507, "idt_B": 0.4513, "loss_G": 5.062, "D_A": 0.1228, "D_B": 0.1353, "gnorm_G": 48.6616, "gnorm_D": 20.0334} | nonfinite so far 0
2026-09-29 20:48:53,592 | ep 28 it 0/1000 step 27000 | G 5.227 (adv 0.519/0.171 cyc 1.622/1.744 idt 0.686/0.484) | D 0.221/0.292 | gn 38.33/72.00 | 8.7 img/s
2026-09-29 20:49:02,886 | ep 28 it 100/1000 step 27100 | G 5.060 (adv 0.924/0.427 cyc 1.263/1.655 idt 0.396/0.394) | D 0.164/0.019 | gn 43.24/5.83 | 10.7 img/s
2026-09-29 20:49:11,652 | ep 28 it 200/1000 step 27200 | G 6.829 (adv 0.516/0.669 cyc 1.245/3.140 idt 0.562/0.698) | D 0.188/0.225 | gn 46.21/31.98 | 11.1 img/s
2026-09-29 20:49:20,415 | ep 28 it 300/1000 step 27300 | G 4.363 (adv 0.889/0.197 cyc 1.115/1.450 idt 0.305/0.407) | D 0.242/0.411 | gn 32.43/43.34 | 11.2 img/s
2026-09-29 20:49:29,423 | ep 28 it 400/1000 step 27400 | G 4.977 (adv 0.600/0.356 cyc 1.259/1.705 idt 0.416/0.641) | D 0.237/0.363 | gn 32.11/49.69 | 11.2 img/s
2026-09-29 20:49:38,063 | ep 28 it 500/1000 step 27500 | G 5.400 (adv 0.415/0.171 cyc 1.674/2.057 idt 0.429/0.656) | D 0.280/0.222 | gn 34.74/34.39 | 11.2 img/s
2026-09-29 20:49:47,081 | ep 28 it 600/1000 step 27600 | G 4.977 (adv 0.424/0.637 cyc 1.255/1.840 idt 0.457/0.364) | D 0.041/0.073 | gn 35.55/13.35 | 11.2 img/s
2026-09-29 20:49:55,426 | ep 28 it 700/1000 step 27700 | G 7.546 (adv 1.226/0.357 cyc 1.973/2.570 idt 0.642/0.778) | D 0.043/0.064 | gn 83.26/19.62 | 11.3 img/s
2026-09-29 20:50:04,376 | ep 28 it 800/1000 step 27800 | G 3.757 (adv 0.226/0.241 cyc 0.946/1.468 idt 0.325/0.551) | D 0.078/0.251 | gn 65.69/51.53 | 11.3 img/s
2026-09-29 20:50:13,270 | ep 28 it 900/1000 step 27900 | G 5.472 (adv 0.571/0.371 cyc 2.261/1.209 idt 0.625/0.436) | D 0.100/0.177 | gn 29.33/45.61 | 11.3 img/s
2026-09-29 20:50:22,055 | EPOCH 28 done in 1.5 min | means: {"G_adv_AB": 0.5459, "G_adv_BA": 0.5722, "cyc_A": 1.4549, "cyc_B": 1.4513, "idt_A": 0.4854, "idt_B": 0.4399, "loss_G": 4.9495, "D_A": 0.1123, "D_B": 0.1307, "gnorm_G": 57.4442, "gnorm_D": 21.7771} | nonfinite so far 0
2026-09-29 20:50:22,476 | ep 29 it 0/1000 step 28000 | G 4.426 (adv 0.847/0.985 cyc 1.035/1.023 idt 0.324/0.212) | D 0.033/0.079 | gn 67.89/19.54 | 11.8 img/s
2026-09-29 20:50:30,823 | ep 29 it 100/1000 step 28100 | G 4.972 (adv 0.496/1.170 cyc 1.056/1.558 idt 0.336/0.356) | D 0.083/0.222 | gn 79.92/17.56 | 12.0 img/s
2026-09-29 20:50:39,722 | ep 29 it 200/1000 step 28200 | G 4.761 (adv 0.668/0.386 cyc 0.981/1.791 idt 0.532/0.403) | D 0.203/0.088 | gn 136.51/26.27 | 11.6 img/s
2026-09-29 20:50:48,477 | ep 29 it 300/1000 step 28300 | G 4.263 (adv 0.283/0.451 cyc 1.825/0.859 idt 0.484/0.361) | D 0.193/0.278 | gn 36.77/42.22 | 11.5 img/s
2026-09-29 20:50:57,285 | ep 29 it 400/1000 step 28400 | G 4.106 (adv 0.558/0.293 cyc 1.169/1.261 idt 0.403/0.421) | D 0.230/0.188 | gn 91.75/29.05 | 11.5 img/s
2026-09-29 20:51:06,298 | ep 29 it 500/1000 step 28500 | G 4.650 (adv 0.615/0.415 cyc 1.677/1.030 idt 0.520/0.393) | D 0.051/0.047 | gn 45.64/14.97 | 11.4 img/s
2026-09-29 20:51:15,775 | ep 29 it 600/1000 step 28600 | G 4.564 (adv 0.320/0.563 cyc 1.239/1.701 idt 0.363/0.378) | D 0.161/0.132 | gn 52.85/21.15 | 11.3 img/s
2026-09-29 20:51:25,118 | ep 29 it 700/1000 step 28700 | G 5.114 (adv 0.557/0.802 cyc 1.094/1.630 idt 0.389/0.642) | D 0.089/0.192 | gn 61.10/28.30 | 11.2 img/s
2026-09-29 20:51:34,405 | ep 29 it 800/1000 step 28800 | G 4.231 (adv 0.595/0.507 cyc 1.470/0.940 idt 0.417/0.302) | D 0.076/0.030 | gn 75.68/9.82 | 11.1 img/s
2026-09-29 20:51:43,125 | ep 29 it 900/1000 step 28900 | G 4.984 (adv 0.844/0.378 cyc 1.139/1.529 idt 0.482/0.612) | D 0.092/0.026 | gn 318.30/13.25 | 11.2 img/s
2026-09-29 20:51:51,729 | EPOCH 29 done in 1.5 min | means: {"G_adv_AB": 0.5539, "G_adv_BA": 0.557, "cyc_A": 1.4173, "cyc_B": 1.4286, "idt_A": 0.4876, "idt_B": 0.4345, "loss_G": 4.879, "D_A": 0.1144, "D_B": 0.1288, "gnorm_G": 70.8124, "gnorm_D": 22.2238} | nonfinite so far 0
2026-09-29 20:51:52,170 | ep 30 it 0/1000 step 29000 | G 4.346 (adv 0.708/0.532 cyc 1.396/0.901 idt 0.490/0.319) | D 0.049/0.046 | gn 99.97/9.41 | 10.1 img/s
2026-09-29 20:52:00,763 | ep 30 it 100/1000 step 29100 | G 4.059 (adv 0.342/0.400 cyc 1.652/0.931 idt 0.420/0.314) | D 0.100/0.172 | gn 67.20/17.24 | 11.6 img/s
2026-09-29 20:52:10,014 | ep 30 it 200/1000 step 29200 | G 4.668 (adv 0.521/0.807 cyc 1.122/1.370 idt 0.398/0.449) | D 0.110/0.058 | gn 42.10/9.97 | 11.2 img/s
2026-09-29 20:52:19,032 | ep 30 it 300/1000 step 29300 | G 5.119 (adv 0.665/0.590 cyc 1.436/1.621 idt 0.388/0.418) | D 0.040/0.277 | gn 128.47/24.27 | 11.2 img/s
2026-09-29 20:52:28,060 | ep 30 it 400/1000 step 29400 | G 4.005 (adv 0.655/0.724 cyc 1.049/0.938 idt 0.392/0.247) | D 0.108/0.079 | gn 38.94/21.36 | 11.1 img/s
2026-09-29 20:52:37,008 | ep 30 it 500/1000 step 29500 | G 3.731 (adv 0.405/0.391 cyc 1.013/1.094 idt 0.282/0.546) | D 0.126/0.069 | gn 65.23/14.91 | 11.1 img/s
2026-09-29 20:52:46,307 | ep 30 it 600/1000 step 29600 | G 6.089 (adv 0.563/1.372 cyc 1.959/1.261 idt 0.546/0.389) | D 0.043/0.106 | gn 101.00/14.66 | 11.1 img/s
2026-09-29 20:52:55,284 | ep 30 it 700/1000 step 29700 | G 4.698 (adv 0.574/1.075 cyc 0.881/1.374 idt 0.300/0.495) | D 0.094/0.117 | gn 38.50/15.24 | 11.1 img/s
2026-09-29 20:53:04,112 | ep 30 it 800/1000 step 29800 | G 4.475 (adv 0.933/0.832 cyc 1.211/0.792 idt 0.485/0.222) | D 0.184/0.316 | gn 77.84/31.70 | 11.1 img/s
2026-09-29 20:53:13,197 | ep 30 it 900/1000 step 29900 | G 7.065 (adv 0.783/0.770 cyc 2.790/1.302 idt 1.151/0.270) | D 0.043/0.119 | gn 65.03/26.19 | 11.1 img/s
2026-09-29 20:53:22,186 | EPOCH 30 done in 1.5 min | means: {"G_adv_AB": 0.5483, "G_adv_BA": 0.6012, "cyc_A": 1.3611, "cyc_B": 1.4213, "idt_A": 0.4778, "idt_B": 0.4417, "loss_G": 4.8513, "D_A": 0.1063, "D_B": 0.1316, "gnorm_G": 72.0247, "gnorm_D": 23.6061} | nonfinite so far 0
2026-09-29 20:53:24,685 | summary: {"parameter_counts": {"G_AB": 11378179, "G_BA": 11378179, "D_A": 2764737, "D_B": 2764737, "total": 28285832}, "total_steps": 30000, "epochs": 30, "training_time_min": 56.635883724689485, "train_images_per_sec": 8.828325208635055, "peak_gpu_memory_gb_this_session": 3.335583232, "nonfinite_steps": 0, "device": "NVIDIA GeForce RTX 5090"}
