2026-09-29 19:39:33,701 | log file: .\logs\gpt_char_20260929_193933.log
2026-09-29 19:39:33,701 | device: NVIDIA GeForce RTX 5090
2026-09-29 19:39:33,702 | args: {"config": "src\\config.yaml", "out_dir": ".", "run_name": "gpt_char", "seed": 266, "cache_dir": null, "dataset": "roneneldan/TinyStories", "n_train": 100000, "n_val": 10000, "min_char_freq": 50, "block_size": 256, "n_layer": 6, "n_head": 6, "n_embd": 384, "dropout": 0.1, "tie_weights": 1, "epochs": 10, "batch_size": 64, "lr": 0.0006, "min_lr": 6e-05, "warmup_steps": 1000, "weight_decay": 0.1, "beta2": 0.95, "grad_clip": 1.0, "amp": 1, "eval_batches": 0, "log_every": 200, "gen_len": 600, "temperature": 0.8, "top_k": 0, "prompts": ["Once upon a time", "One day, a little girl named Lily", "The dog was very sad because", "Tom and his mom went to the park.", "There was a big red ball"], "resume": null, "generate_only": null}
2026-09-29 19:39:38,905 | stories: train=100000 val=10000
2026-09-29 19:39:40,196 | vocab=79 train_chars=89,592,764 val_chars=8,982,024 val_unk_rate=0.00000 (data prep 6s)
2026-09-29 19:39:40,256 | sequences: train=349,971 val=35,086 of length 256
2026-09-29 19:39:40,469 | parameters: 10,776,192
2026-09-29 19:39:41,818 | steps/epoch=5469 total_steps=54690 amp=True(torch.bfloat16)
2026-09-29 19:39:42,359 | ep 1 step 0/54690 lr 6.00e-07 loss 4.5954 gnorm 16.653 | 30,533 tok/s
2026-09-29 19:39:48,284 | ep 1 step 200/54690 lr 1.21e-04 loss 2.2880 gnorm 0.671 | 509,738 tok/s
2026-09-29 19:39:54,165 | ep 1 step 400/54690 lr 2.41e-04 loss 1.8931 gnorm 1.738 | 532,294 tok/s
2026-09-29 19:40:00,338 | ep 1 step 600/54690 lr 3.61e-04 loss 1.4981 gnorm 1.134 | 531,821 tok/s
2026-09-29 19:40:06,499 | ep 1 step 800/54690 lr 4.81e-04 loss 1.2712 gnorm 0.851 | 531,834 tok/s
2026-09-29 19:40:12,525 | ep 1 step 1000/54690 lr 6.00e-04 loss 1.0961 gnorm 0.786 | 534,176 tok/s
2026-09-29 19:40:18,679 | ep 1 step 1200/54690 lr 6.00e-04 loss 1.0330 gnorm 0.584 | 533,892 tok/s
2026-09-29 19:40:24,673 | ep 1 step 1400/54690 lr 6.00e-04 loss 0.9921 gnorm 0.524 | 535,673 tok/s
2026-09-29 19:40:30,585 | ep 1 step 1600/54690 lr 6.00e-04 loss 0.9496 gnorm 0.517 | 537,930 tok/s
2026-09-29 19:40:36,672 | ep 1 step 1800/54690 lr 6.00e-04 loss 0.9269 gnorm 0.434 | 537,970 tok/s
2026-09-29 19:40:42,618 | ep 1 step 2000/54690 lr 6.00e-04 loss 0.8778 gnorm 0.389 | 539,259 tok/s
2026-09-29 19:40:48,785 | ep 1 step 2200/54690 lr 5.99e-04 loss 0.8487 gnorm 0.361 | 538,525 tok/s
2026-09-29 19:40:54,896 | ep 1 step 2400/54690 lr 5.99e-04 loss 0.8488 gnorm 0.349 | 538,335 tok/s
2026-09-29 19:41:01,358 | ep 1 step 2600/54690 lr 5.99e-04 loss 0.8320 gnorm 0.336 | 535,795 tok/s
2026-09-29 19:41:08,267 | ep 1 step 2800/54690 lr 5.99e-04 loss 0.8299 gnorm 0.363 | 530,877 tok/s
2026-09-29 19:41:15,092 | ep 1 step 3000/54690 lr 5.98e-04 loss 0.7933 gnorm 0.316 | 527,167 tok/s
2026-09-29 19:41:21,919 | ep 1 step 3200/54690 lr 5.98e-04 loss 0.7793 gnorm 0.320 | 523,944 tok/s
2026-09-29 19:41:28,913 | ep 1 step 3400/54690 lr 5.97e-04 loss 0.7808 gnorm 0.306 | 520,325 tok/s
2026-09-29 19:41:35,958 | ep 1 step 3600/54690 lr 5.97e-04 loss 0.7773 gnorm 0.291 | 516,917 tok/s
2026-09-29 19:41:42,472 | ep 1 step 3800/54690 lr 5.96e-04 loss 0.7787 gnorm 0.289 | 516,170 tok/s
2026-09-29 19:41:48,695 | ep 1 step 4000/54690 lr 5.96e-04 loss 0.8019 gnorm 0.307 | 516,678 tok/s
2026-09-29 19:41:54,831 | ep 1 step 4200/54690 lr 5.95e-04 loss 0.7632 gnorm 0.281 | 517,480 tok/s
2026-09-29 19:42:00,966 | ep 1 step 4400/54690 lr 5.95e-04 loss 0.7391 gnorm 0.285 | 518,212 tok/s
2026-09-29 19:42:07,132 | ep 1 step 4600/54690 lr 5.94e-04 loss 0.7597 gnorm 0.295 | 518,773 tok/s
2026-09-29 19:42:13,325 | ep 1 step 4800/54690 lr 5.93e-04 loss 0.7288 gnorm 0.274 | 519,195 tok/s
2026-09-29 19:42:19,536 | ep 1 step 5000/54690 lr 5.93e-04 loss 0.7512 gnorm 0.280 | 519,526 tok/s
2026-09-29 19:42:25,759 | ep 1 step 5200/54690 lr 5.92e-04 loss 0.7545 gnorm 0.286 | 519,794 tok/s
2026-09-29 19:42:31,975 | ep 1 step 5400/54690 lr 5.91e-04 loss 0.7451 gnorm 0.266 | 520,063 tok/s
2026-09-29 19:42:45,114 | EPOCH {"epoch": 1, "train_loss_running": 1.00887, "train_loss_eval": 0.69998, "train_acc": 0.77796, "val_loss": 0.70308, "val_acc": 0.77738, "val_ppl": 2.01997, "val_bpc": 1.01433, "epoch_time_s": 172.25587, "train_tok_per_s": 520113.3339}
2026-09-29 19:42:45,165 | new best val 0.7031 -> checkpoints/best.pt
2026-09-29 19:42:49,369 | ep 2 step 5600/54690 lr 5.90e-04 loss 0.7392 gnorm 0.272 | 527,524 tok/s
2026-09-29 19:42:55,559 | ep 2 step 5800/54690 lr 5.89e-04 loss 0.7235 gnorm 0.252 | 528,673 tok/s
2026-09-29 19:43:01,751 | ep 2 step 6000/54690 lr 5.89e-04 loss 0.7556 gnorm 0.275 | 528,853 tok/s
2026-09-29 19:43:07,958 | ep 2 step 6200/54690 lr 5.88e-04 loss 0.7465 gnorm 0.251 | 528,592 tok/s
2026-09-29 19:43:14,161 | ep 2 step 6400/54690 lr 5.87e-04 loss 0.7224 gnorm 0.247 | 528,528 tok/s
2026-09-29 19:43:20,349 | ep 2 step 6600/54690 lr 5.86e-04 loss 0.6896 gnorm 0.248 | 528,703 tok/s
2026-09-29 19:43:26,536 | ep 2 step 6800/54690 lr 5.85e-04 loss 0.7322 gnorm 0.256 | 528,842 tok/s
2026-09-29 19:43:32,716 | ep 2 step 7000/54690 lr 5.84e-04 loss 0.7282 gnorm 0.255 | 529,025 tok/s
2026-09-29 19:43:38,933 | ep 2 step 7200/54690 lr 5.82e-04 loss 0.7480 gnorm 0.258 | 528,798 tok/s
2026-09-29 19:43:45,144 | ep 2 step 7400/54690 lr 5.81e-04 loss 0.7245 gnorm 0.255 | 528,670 tok/s
2026-09-29 19:43:51,345 | ep 2 step 7600/54690 lr 5.80e-04 loss 0.6977 gnorm 0.257 | 528,649 tok/s
2026-09-29 19:43:57,491 | ep 2 step 7800/54690 lr 5.79e-04 loss 0.7232 gnorm 0.254 | 529,033 tok/s
2026-09-29 19:44:03,647 | ep 2 step 8000/54690 lr 5.78e-04 loss 0.7065 gnorm 0.240 | 529,288 tok/s
2026-09-29 19:44:09,819 | ep 2 step 8200/54690 lr 5.76e-04 loss 0.7112 gnorm 0.243 | 529,414 tok/s
2026-09-29 19:44:16,006 | ep 2 step 8400/54690 lr 5.75e-04 loss 0.7098 gnorm 0.238 | 529,425 tok/s
2026-09-29 19:44:22,128 | ep 2 step 8600/54690 lr 5.74e-04 loss 0.6902 gnorm 0.231 | 529,789 tok/s
2026-09-29 19:44:28,235 | ep 2 step 8800/54690 lr 5.72e-04 loss 0.7051 gnorm 0.246 | 530,195 tok/s
2026-09-29 19:44:34,341 | ep 2 step 9000/54690 lr 5.71e-04 loss 0.7013 gnorm 0.237 | 530,554 tok/s
2026-09-29 19:44:40,486 | ep 2 step 9200/54690 lr 5.70e-04 loss 0.6890 gnorm 0.233 | 530,700 tok/s
2026-09-29 19:44:46,606 | ep 2 step 9400/54690 lr 5.68e-04 loss 0.6781 gnorm 0.218 | 530,937 tok/s
2026-09-29 19:44:52,743 | ep 2 step 9600/54690 lr 5.67e-04 loss 0.6732 gnorm 0.231 | 531,082 tok/s
2026-09-29 19:44:58,871 | ep 2 step 9800/54690 lr 5.65e-04 loss 0.6922 gnorm 0.240 | 531,251 tok/s
2026-09-29 19:45:05,002 | ep 2 step 10000/54690 lr 5.63e-04 loss 0.7032 gnorm 0.260 | 531,389 tok/s
2026-09-29 19:45:11,086 | ep 2 step 10200/54690 lr 5.62e-04 loss 0.6758 gnorm 0.224 | 531,689 tok/s
2026-09-29 19:45:17,179 | ep 2 step 10400/54690 lr 5.60e-04 loss 0.6871 gnorm 0.235 | 531,935 tok/s
2026-09-29 19:45:23,260 | ep 2 step 10600/54690 lr 5.59e-04 loss 0.6959 gnorm 0.228 | 532,203 tok/s
2026-09-29 19:45:29,373 | ep 2 step 10800/54690 lr 5.57e-04 loss 0.6960 gnorm 0.221 | 532,345 tok/s
2026-09-29 19:45:44,465 | EPOCH {"epoch": 2, "train_loss_running": 0.70659, "train_loss_eval": 0.64877, "train_acc": 0.79348, "val_loss": 0.65451, "val_acc": 0.79228, "val_ppl": 1.92419, "val_bpc": 0.94426, "epoch_time_s": 168.37873, "train_tok_per_s": 532089.64251}
2026-09-29 19:45:44,504 | new best val 0.6545 -> checkpoints/best.pt
2026-09-29 19:45:46,548 | ep 3 step 11000/54690 lr 5.55e-04 loss 0.6776 gnorm 0.246 | 534,219 tok/s
2026-09-29 19:45:52,689 | ep 3 step 11200/54690 lr 5.53e-04 loss 0.6672 gnorm 0.222 | 533,696 tok/s
2026-09-29 19:45:58,835 | ep 3 step 11400/54690 lr 5.52e-04 loss 0.6747 gnorm 0.226 | 533,437 tok/s
2026-09-29 19:46:05,033 | ep 3 step 11600/54690 lr 5.50e-04 loss 0.6792 gnorm 0.225 | 531,997 tok/s
2026-09-29 19:46:11,145 | ep 3 step 11800/54690 lr 5.48e-04 loss 0.6594 gnorm 0.217 | 532,946 tok/s
2026-09-29 19:46:17,331 | ep 3 step 12000/54690 lr 5.46e-04 loss 0.6830 gnorm 0.217 | 532,343 tok/s
2026-09-29 19:46:23,444 | ep 3 step 12200/54690 lr 5.44e-04 loss 0.6928 gnorm 0.225 | 532,919 tok/s
2026-09-29 19:46:29,584 | ep 3 step 12400/54690 lr 5.42e-04 loss 0.6556 gnorm 0.224 | 533,030 tok/s
2026-09-29 19:46:35,776 | ep 3 step 12600/54690 lr 5.40e-04 loss 0.6796 gnorm 0.235 | 532,569 tok/s
2026-09-29 19:46:41,874 | ep 3 step 12800/54690 lr 5.38e-04 loss 0.6907 gnorm 0.227 | 533,078 tok/s
2026-09-29 19:46:47,985 | ep 3 step 13000/54690 lr 5.36e-04 loss 0.6872 gnorm 0.236 | 533,374 tok/s
2026-09-29 19:46:54,089 | ep 3 step 13200/54690 lr 5.34e-04 loss 0.6754 gnorm 0.223 | 533,683 tok/s
2026-09-29 19:47:00,192 | ep 3 step 13400/54690 lr 5.32e-04 loss 0.6819 gnorm 0.228 | 533,943 tok/s
2026-09-29 19:47:06,313 | ep 3 step 13600/54690 lr 5.30e-04 loss 0.6649 gnorm 0.220 | 534,046 tok/s
2026-09-29 19:47:12,411 | ep 3 step 13800/54690 lr 5.28e-04 loss 0.6795 gnorm 0.232 | 534,275 tok/s
2026-09-29 19:47:18,497 | ep 3 step 14000/54690 lr 5.26e-04 loss 0.6490 gnorm 0.222 | 534,544 tok/s
2026-09-29 19:47:24,587 | ep 3 step 14200/54690 lr 5.23e-04 loss 0.6451 gnorm 0.216 | 534,758 tok/s
2026-09-29 19:47:30,667 | ep 3 step 14400/54690 lr 5.21e-04 loss 0.6436 gnorm 0.224 | 534,998 tok/s
2026-09-29 19:47:36,797 | ep 3 step 14600/54690 lr 5.19e-04 loss 0.6424 gnorm 0.218 | 534,975 tok/s
2026-09-29 19:47:42,899 | ep 3 step 14800/54690 lr 5.17e-04 loss 0.7175 gnorm 0.232 | 535,080 tok/s
2026-09-29 19:47:48,999 | ep 3 step 15000/54690 lr 5.14e-04 loss 0.6705 gnorm 0.211 | 535,184 tok/s
2026-09-29 19:47:55,121 | ep 3 step 15200/54690 lr 5.12e-04 loss 0.6795 gnorm 0.225 | 535,187 tok/s
2026-09-29 19:48:01,250 | ep 3 step 15400/54690 lr 5.10e-04 loss 0.6805 gnorm 0.215 | 535,162 tok/s
2026-09-29 19:48:07,368 | ep 3 step 15600/54690 lr 5.07e-04 loss 0.6660 gnorm 0.220 | 535,184 tok/s
2026-09-29 19:48:13,461 | ep 3 step 15800/54690 lr 5.05e-04 loss 0.6684 gnorm 0.209 | 535,287 tok/s
2026-09-29 19:48:19,581 | ep 3 step 16000/54690 lr 5.03e-04 loss 0.6773 gnorm 0.217 | 535,294 tok/s
2026-09-29 19:48:25,675 | ep 3 step 16200/54690 lr 5.00e-04 loss 0.6592 gnorm 0.224 | 535,385 tok/s
2026-09-29 19:48:31,770 | ep 3 step 16400/54690 lr 4.98e-04 loss 0.6256 gnorm 0.204 | 535,467 tok/s
2026-09-29 19:48:42,663 | EPOCH {"epoch": 3, "train_loss_running": 0.66884, "train_loss_eval": 0.62176, "train_acc": 0.80156, "val_loss": 0.62879, "val_acc": 0.79995, "val_ppl": 1.87535, "val_bpc": 0.90716, "epoch_time_s": 167.32383, "train_tok_per_s": 535444.19605}
2026-09-29 19:48:42,697 | new best val 0.6288 -> checkpoints/best.pt
2026-09-29 19:48:48,695 | ep 4 step 16600/54690 lr 4.95e-04 loss 0.6468 gnorm 0.217 | 538,969 tok/s
2026-09-29 19:48:54,792 | ep 4 step 16800/54690 lr 4.93e-04 loss 0.6462 gnorm 0.220 | 538,203 tok/s
2026-09-29 19:49:00,877 | ep 4 step 17000/54690 lr 4.90e-04 loss 0.6337 gnorm 0.209 | 538,316 tok/s
2026-09-29 19:49:06,951 | ep 4 step 17200/54690 lr 4.88e-04 loss 0.6680 gnorm 0.207 | 538,629 tok/s
2026-09-29 19:49:13,062 | ep 4 step 17400/54690 lr 4.85e-04 loss 0.6251 gnorm 0.209 | 538,129 tok/s
2026-09-29 19:49:19,135 | ep 4 step 17600/54690 lr 4.82e-04 loss 0.6331 gnorm 0.208 | 538,359 tok/s
2026-09-29 19:49:25,211 | ep 4 step 17800/54690 lr 4.80e-04 loss 0.6803 gnorm 0.218 | 538,494 tok/s
2026-09-29 19:49:31,321 | ep 4 step 18000/54690 lr 4.77e-04 loss 0.6405 gnorm 0.218 | 538,223 tok/s
2026-09-29 19:49:37,462 | ep 4 step 18200/54690 lr 4.74e-04 loss 0.6480 gnorm 0.214 | 537,704 tok/s
2026-09-29 19:49:43,584 | ep 4 step 18400/54690 lr 4.72e-04 loss 0.6471 gnorm 0.207 | 537,458 tok/s
2026-09-29 19:49:49,703 | ep 4 step 18600/54690 lr 4.69e-04 loss 0.6556 gnorm 0.213 | 537,274 tok/s
2026-09-29 19:49:55,822 | ep 4 step 18800/54690 lr 4.66e-04 loss 0.6651 gnorm 0.223 | 537,130 tok/s
2026-09-29 19:50:01,953 | ep 4 step 19000/54690 lr 4.64e-04 loss 0.6377 gnorm 0.210 | 536,925 tok/s
2026-09-29 19:50:08,071 | ep 4 step 19200/54690 lr 4.61e-04 loss 0.6498 gnorm 0.206 | 536,828 tok/s
2026-09-29 19:50:14,202 | ep 4 step 19400/54690 lr 4.58e-04 loss 0.6463 gnorm 0.217 | 536,669 tok/s
2026-09-29 19:50:20,336 | ep 4 step 19600/54690 lr 4.55e-04 loss 0.6429 gnorm 0.218 | 536,512 tok/s
2026-09-29 19:50:26,475 | ep 4 step 19800/54690 lr 4.52e-04 loss 0.6525 gnorm 0.224 | 536,351 tok/s
2026-09-29 19:50:32,611 | ep 4 step 20000/54690 lr 4.50e-04 loss 0.6641 gnorm 0.212 | 536,224 tok/s
2026-09-29 19:50:38,768 | ep 4 step 20200/54690 lr 4.47e-04 loss 0.6308 gnorm 0.217 | 536,009 tok/s
2026-09-29 19:50:44,915 | ep 4 step 20400/54690 lr 4.44e-04 loss 0.6175 gnorm 0.211 | 535,863 tok/s
2026-09-29 19:50:51,061 | ep 4 step 20600/54690 lr 4.41e-04 loss 0.6158 gnorm 0.212 | 535,734 tok/s
2026-09-29 19:50:57,209 | ep 4 step 20800/54690 lr 4.38e-04 loss 0.6201 gnorm 0.215 | 535,607 tok/s
2026-09-29 19:51:03,351 | ep 4 step 21000/54690 lr 4.35e-04 loss 0.6391 gnorm 0.214 | 535,515 tok/s
2026-09-29 19:51:09,470 | ep 4 step 21200/54690 lr 4.32e-04 loss 0.6341 gnorm 0.224 | 535,514 tok/s
2026-09-29 19:51:15,595 | ep 4 step 21400/54690 lr 4.29e-04 loss 0.6502 gnorm 0.220 | 535,496 tok/s
2026-09-29 19:51:21,716 | ep 4 step 21600/54690 lr 4.26e-04 loss 0.6130 gnorm 0.212 | 535,488 tok/s
2026-09-29 19:51:27,855 | ep 4 step 21800/54690 lr 4.24e-04 loss 0.6490 gnorm 0.219 | 535,424 tok/s
2026-09-29 19:51:40,882 | EPOCH {"epoch": 4, "train_loss_running": 0.64588, "train_loss_eval": 0.60254, "train_acc": 0.80722, "val_loss": 0.61132, "val_acc": 0.80502, "val_ppl": 1.84286, "val_bpc": 0.88195, "epoch_time_s": 167.33905, "train_tok_per_s": 535395.49599}
2026-09-29 19:51:40,922 | new best val 0.6113 -> checkpoints/best.pt
2026-09-29 19:51:44,858 | ep 5 step 22000/54690 lr 4.21e-04 loss 0.6369 gnorm 0.212 | 534,981 tok/s
2026-09-29 19:51:50,983 | ep 5 step 22200/54690 lr 4.18e-04 loss 0.6397 gnorm 0.223 | 534,983 tok/s
2026-09-29 19:51:57,120 | ep 5 step 22400/54690 lr 4.15e-04 loss 0.6533 gnorm 0.213 | 534,581 tok/s
2026-09-29 19:52:03,248 | ep 5 step 22600/54690 lr 4.12e-04 loss 0.6440 gnorm 0.228 | 534,619 tok/s
2026-09-29 19:52:09,357 | ep 5 step 22800/54690 lr 4.09e-04 loss 0.6438 gnorm 0.220 | 535,004 tok/s
2026-09-29 19:52:15,427 | ep 5 step 23000/54690 lr 4.06e-04 loss 0.6360 gnorm 0.216 | 535,849 tok/s
2026-09-29 19:52:21,581 | ep 5 step 23200/54690 lr 4.02e-04 loss 0.6198 gnorm 0.219 | 535,344 tok/s
2026-09-29 19:52:27,655 | ep 5 step 23400/54690 lr 3.99e-04 loss 0.6221 gnorm 0.231 | 535,873 tok/s
2026-09-29 19:52:33,676 | ep 5 step 23600/54690 lr 3.96e-04 loss 0.6392 gnorm 0.221 | 536,834 tok/s
2026-09-29 19:52:39,528 | ep 5 step 23800/54690 lr 3.93e-04 loss 0.6199 gnorm 0.221 | 539,141 tok/s
2026-09-29 19:52:45,416 | ep 5 step 24000/54690 lr 3.90e-04 loss 0.6109 gnorm 0.211 | 540,731 tok/s
2026-09-29 19:52:51,437 | ep 5 step 24200/54690 lr 3.87e-04 loss 0.6434 gnorm 0.214 | 541,034 tok/s
2026-09-29 19:52:57,343 | ep 5 step 24400/54690 lr 3.84e-04 loss 0.6099 gnorm 0.217 | 542,103 tok/s
2026-09-29 19:53:03,314 | ep 5 step 24600/54690 lr 3.81e-04 loss 0.6168 gnorm 0.228 | 542,586 tok/s
2026-09-29 19:53:09,398 | ep 5 step 24800/54690 lr 3.78e-04 loss 0.6423 gnorm 0.220 | 542,308 tok/s
2026-09-29 19:53:15,254 | ep 5 step 25000/54690 lr 3.75e-04 loss 0.6501 gnorm 0.227 | 543,385 tok/s
2026-09-29 19:53:21,119 | ep 5 step 25200/54690 lr 3.72e-04 loss 0.6267 gnorm 0.220 | 544,278 tok/s
2026-09-29 19:53:27,262 | ep 5 step 25400/54690 lr 3.68e-04 loss 0.6317 gnorm 0.223 | 543,653 tok/s
2026-09-29 19:53:33,315 | ep 5 step 25600/54690 lr 3.65e-04 loss 0.6232 gnorm 0.232 | 543,529 tok/s
2026-09-29 19:53:39,459 | ep 5 step 25800/54690 lr 3.62e-04 loss 0.6136 gnorm 0.221 | 543,002 tok/s
2026-09-29 19:53:45,549 | ep 5 step 26000/54690 lr 3.59e-04 loss 0.6406 gnorm 0.221 | 542,757 tok/s
2026-09-29 19:53:51,973 | ep 5 step 26200/54690 lr 3.56e-04 loss 0.6406 gnorm 0.221 | 541,155 tok/s
2026-09-29 19:53:58,374 | ep 5 step 26400/54690 lr 3.53e-04 loss 0.6270 gnorm 0.221 | 539,794 tok/s
2026-09-29 19:54:04,709 | ep 5 step 26600/54690 lr 3.50e-04 loss 0.6065 gnorm 0.215 | 538,797 tok/s
2026-09-29 19:54:11,422 | ep 5 step 26800/54690 lr 3.46e-04 loss 0.6207 gnorm 0.229 | 536,539 tok/s
2026-09-29 19:54:17,870 | ep 5 step 27000/54690 lr 3.43e-04 loss 0.6210 gnorm 0.224 | 535,372 tok/s
2026-09-29 19:54:24,517 | ep 5 step 27200/54690 lr 3.40e-04 loss 0.6138 gnorm 0.221 | 533,647 tok/s
2026-09-29 19:54:41,088 | EPOCH {"epoch": 5, "train_loss_running": 0.62817, "train_loss_eval": 0.58783, "train_acc": 0.81169, "val_loss": 0.5983, "val_acc": 0.80913, "val_ppl": 1.81902, "val_bpc": 0.86316, "epoch_time_s": 168.26666, "train_tok_per_s": 532444.0171}
2026-09-29 19:54:41,124 | new best val 0.5983 -> checkpoints/best.pt
2026-09-29 19:54:43,078 | ep 6 step 27400/54690 lr 3.37e-04 loss 0.6166 gnorm 0.234 | 497,466 tok/s
2026-09-29 19:54:49,703 | ep 6 step 27600/54690 lr 3.34e-04 loss 0.5983 gnorm 0.225 | 495,208 tok/s
2026-09-29 19:54:56,317 | ep 6 step 27800/54690 lr 3.31e-04 loss 0.6267 gnorm 0.227 | 495,292 tok/s
2026-09-29 19:55:02,928 | ep 6 step 28000/54690 lr 3.28e-04 loss 0.6379 gnorm 0.228 | 495,408 tok/s
2026-09-29 19:55:09,407 | ep 6 step 28200/54690 lr 3.24e-04 loss 0.6030 gnorm 0.232 | 497,795 tok/s
2026-09-29 19:55:15,813 | ep 6 step 28400/54690 lr 3.21e-04 loss 0.6120 gnorm 0.230 | 500,338 tok/s
2026-09-29 19:55:21,893 | ep 6 step 28600/54690 lr 3.18e-04 loss 0.6216 gnorm 0.228 | 506,101 tok/s
2026-09-29 19:55:28,138 | ep 6 step 28800/54690 lr 3.15e-04 loss 0.6393 gnorm 0.234 | 508,579 tok/s
2026-09-29 19:55:34,497 | ep 6 step 29000/54690 lr 3.12e-04 loss 0.6256 gnorm 0.230 | 509,382 tok/s
2026-09-29 19:55:41,013 | ep 6 step 29200/54690 lr 3.09e-04 loss 0.6029 gnorm 0.224 | 508,681 tok/s
2026-09-29 19:55:47,570 | ep 6 step 29400/54690 lr 3.05e-04 loss 0.6254 gnorm 0.224 | 507,791 tok/s
2026-09-29 19:55:54,129 | ep 6 step 29600/54690 lr 3.02e-04 loss 0.6462 gnorm 0.236 | 507,056 tok/s
2026-09-29 19:56:00,505 | ep 6 step 29800/54690 lr 2.99e-04 loss 0.6083 gnorm 0.227 | 507,608 tok/s
2026-09-29 19:56:06,403 | ep 6 step 30000/54690 lr 2.96e-04 loss 0.6303 gnorm 0.226 | 510,928 tok/s
2026-09-29 19:56:12,417 | ep 6 step 30200/54690 lr 2.93e-04 loss 0.5790 gnorm 0.225 | 513,172 tok/s
2026-09-29 19:56:18,636 | ep 6 step 30400/54690 lr 2.90e-04 loss 0.6008 gnorm 0.225 | 514,043 tok/s
2026-09-29 19:56:24,711 | ep 6 step 30600/54690 lr 2.87e-04 loss 0.6144 gnorm 0.232 | 515,532 tok/s
2026-09-29 19:56:30,784 | ep 6 step 30800/54690 lr 2.84e-04 loss 0.6030 gnorm 0.219 | 516,865 tok/s
2026-09-29 19:56:36,884 | ep 6 step 31000/54690 lr 2.80e-04 loss 0.6217 gnorm 0.231 | 517,935 tok/s
2026-09-29 19:56:42,926 | ep 6 step 31200/54690 lr 2.77e-04 loss 0.6045 gnorm 0.239 | 519,149 tok/s
2026-09-29 19:56:49,074 | ep 6 step 31400/54690 lr 2.74e-04 loss 0.6050 gnorm 0.233 | 519,815 tok/s
2026-09-29 19:56:56,713 | ep 6 step 31600/54690 lr 2.71e-04 loss 0.6205 gnorm 0.233 | 514,690 tok/s
2026-09-29 19:57:05,984 | ep 6 step 31800/54690 lr 2.68e-04 loss 0.6274 gnorm 0.234 | 504,364 tok/s
2026-09-29 19:57:15,142 | ep 6 step 32000/54690 lr 2.65e-04 loss 0.6150 gnorm 0.237 | 495,644 tok/s
2026-09-29 19:57:24,398 | ep 6 step 32200/54690 lr 2.62e-04 loss 0.6239 gnorm 0.233 | 487,608 tok/s
2026-09-29 19:57:33,662 | ep 6 step 32400/54690 lr 2.59e-04 loss 0.5962 gnorm 0.226 | 480,416 tok/s
2026-09-29 19:57:42,843 | ep 6 step 32600/54690 lr 2.56e-04 loss 0.5832 gnorm 0.222 | 474,173 tok/s
2026-09-29 19:57:52,055 | ep 6 step 32800/54690 lr 2.53e-04 loss 0.6022 gnorm 0.229 | 468,454 tok/s
2026-09-29 19:58:08,839 | EPOCH {"epoch": 6, "train_loss_running": 0.61307, "train_loss_eval": 0.57335, "train_acc": 0.81601, "val_loss": 0.58603, "val_acc": 0.81288, "val_ppl": 1.79685, "val_bpc": 0.84547, "epoch_time_s": 191.42819, "train_tok_per_s": 468021.8578}
2026-09-29 19:58:08,879 | new best val 0.5860 -> checkpoints/best.pt
2026-09-29 19:58:17,573 | ep 7 step 33000/54690 lr 2.50e-04 loss 0.5849 gnorm 0.233 | 357,126 tok/s
2026-09-29 19:58:26,798 | ep 7 step 33200/54690 lr 2.47e-04 loss 0.6189 gnorm 0.240 | 356,132 tok/s
2026-09-29 19:58:36,076 | ep 7 step 33400/54690 lr 2.44e-04 loss 0.6135 gnorm 0.238 | 355,119 tok/s
2026-09-29 19:58:45,265 | ep 7 step 33600/54690 lr 2.41e-04 loss 0.5764 gnorm 0.230 | 355,499 tok/s
2026-09-29 19:58:54,386 | ep 7 step 33800/54690 lr 2.38e-04 loss 0.5917 gnorm 0.236 | 356,250 tok/s
2026-09-29 19:59:03,567 | ep 7 step 34000/54690 lr 2.35e-04 loss 0.5901 gnorm 0.241 | 356,363 tok/s
2026-09-29 19:59:12,712 | ep 7 step 34200/54690 lr 2.32e-04 loss 0.5953 gnorm 0.250 | 356,642 tok/s
2026-09-29 19:59:21,931 | ep 7 step 34400/54690 lr 2.29e-04 loss 0.5939 gnorm 0.232 | 356,491 tok/s
2026-09-29 19:59:31,195 | ep 7 step 34600/54690 lr 2.26e-04 loss 0.6076 gnorm 0.228 | 356,179 tok/s
2026-09-29 19:59:40,388 | ep 7 step 34800/54690 lr 2.23e-04 loss 0.5925 gnorm 0.234 | 356,206 tok/s
2026-09-29 19:59:49,504 | ep 7 step 35000/54690 lr 2.20e-04 loss 0.5965 gnorm 0.236 | 356,499 tok/s
2026-09-29 19:59:58,614 | ep 7 step 35200/54690 lr 2.17e-04 loss 0.5851 gnorm 0.240 | 356,767 tok/s
2026-09-29 20:00:07,840 | ep 7 step 35400/54690 lr 2.14e-04 loss 0.6152 gnorm 0.246 | 356,642 tok/s
2026-09-29 20:00:16,900 | ep 7 step 35600/54690 lr 2.12e-04 loss 0.6202 gnorm 0.241 | 357,000 tok/s
2026-09-29 20:00:26,153 | ep 7 step 35800/54690 lr 2.09e-04 loss 0.5853 gnorm 0.237 | 356,806 tok/s
2026-09-29 20:00:35,206 | ep 7 step 36000/54690 lr 2.06e-04 loss 0.5812 gnorm 0.237 | 357,124 tok/s
2026-09-29 20:00:44,222 | ep 7 step 36200/54690 lr 2.03e-04 loss 0.5907 gnorm 0.231 | 357,492 tok/s
2026-09-29 20:00:53,338 | ep 7 step 36400/54690 lr 2.00e-04 loss 0.6007 gnorm 0.242 | 357,600 tok/s
2026-09-29 20:01:02,508 | ep 7 step 36600/54690 lr 1.98e-04 loss 0.6227 gnorm 0.246 | 357,587 tok/s
2026-09-29 20:01:11,644 | ep 7 step 36800/54690 lr 1.95e-04 loss 0.6173 gnorm 0.242 | 357,641 tok/s
2026-09-29 20:01:20,801 | ep 7 step 37000/54690 lr 1.92e-04 loss 0.6149 gnorm 0.246 | 357,650 tok/s
2026-09-29 20:01:30,014 | ep 7 step 37200/54690 lr 1.89e-04 loss 0.6003 gnorm 0.249 | 357,560 tok/s
2026-09-29 20:01:39,166 | ep 7 step 37400/54690 lr 1.87e-04 loss 0.6096 gnorm 0.245 | 357,581 tok/s
2026-09-29 20:01:48,247 | ep 7 step 37600/54690 lr 1.84e-04 loss 0.5757 gnorm 0.242 | 357,716 tok/s
2026-09-29 20:01:57,330 | ep 7 step 37800/54690 lr 1.81e-04 loss 0.5785 gnorm 0.251 | 357,837 tok/s
2026-09-29 20:02:06,464 | ep 7 step 38000/54690 lr 1.79e-04 loss 0.5847 gnorm 0.247 | 357,873 tok/s
2026-09-29 20:02:15,601 | ep 7 step 38200/54690 lr 1.76e-04 loss 0.5918 gnorm 0.250 | 357,900 tok/s
2026-09-29 20:02:35,236 | EPOCH {"epoch": 7, "train_loss_running": 0.59932, "train_loss_eval": 0.56071, "train_acc": 0.81983, "val_loss": 0.57519, "val_acc": 0.81621, "val_ppl": 1.77746, "val_bpc": 0.82982, "epoch_time_s": 250.34744, "train_tok_per_s": 357872.95092}
2026-09-29 20:02:35,272 | new best val 0.5752 -> checkpoints/best.pt
2026-09-29 20:02:40,779 | ep 8 step 38400/54690 lr 1.74e-04 loss 0.5989 gnorm 0.256 | 358,074 tok/s
2026-09-29 20:02:49,885 | ep 8 step 38600/54690 lr 1.71e-04 loss 0.5847 gnorm 0.244 | 359,193 tok/s
2026-09-29 20:02:59,013 | ep 8 step 38800/54690 lr 1.69e-04 loss 0.5951 gnorm 0.255 | 359,101 tok/s
2026-09-29 20:03:08,187 | ep 8 step 39000/54690 lr 1.66e-04 loss 0.5615 gnorm 0.241 | 358,580 tok/s
2026-09-29 20:03:17,305 | ep 8 step 39200/54690 lr 1.64e-04 loss 0.5631 gnorm 0.246 | 358,743 tok/s
2026-09-29 20:03:26,438 | ep 8 step 39400/54690 lr 1.61e-04 loss 0.5869 gnorm 0.250 | 358,753 tok/s
2026-09-29 20:03:35,562 | ep 8 step 39600/54690 lr 1.59e-04 loss 0.5713 gnorm 0.250 | 358,811 tok/s
2026-09-29 20:03:44,671 | ep 8 step 39800/54690 lr 1.56e-04 loss 0.6015 gnorm 0.258 | 358,933 tok/s
2026-09-29 20:03:53,787 | ep 8 step 40000/54690 lr 1.54e-04 loss 0.5892 gnorm 0.249 | 358,995 tok/s
2026-09-29 20:04:02,918 | ep 8 step 40200/54690 lr 1.51e-04 loss 0.6050 gnorm 0.259 | 358,981 tok/s
2026-09-29 20:04:11,990 | ep 8 step 40400/54690 lr 1.49e-04 loss 0.5775 gnorm 0.247 | 359,187 tok/s
2026-09-29 20:04:20,945 | ep 8 step 40600/54690 lr 1.47e-04 loss 0.6010 gnorm 0.258 | 359,760 tok/s
2026-09-29 20:04:30,047 | ep 8 step 40800/54690 lr 1.44e-04 loss 0.5715 gnorm 0.257 | 359,779 tok/s
2026-09-29 20:04:39,168 | ep 8 step 41000/54690 lr 1.42e-04 loss 0.5690 gnorm 0.250 | 359,740 tok/s
2026-09-29 20:04:48,297 | ep 8 step 41200/54690 lr 1.40e-04 loss 0.6229 gnorm 0.264 | 359,686 tok/s
2026-09-29 20:04:57,425 | ep 8 step 41400/54690 lr 1.38e-04 loss 0.6057 gnorm 0.262 | 359,641 tok/s
2026-09-29 20:05:06,576 | ep 8 step 41600/54690 lr 1.35e-04 loss 0.5948 gnorm 0.257 | 359,546 tok/s
2026-09-29 20:05:15,703 | ep 8 step 41800/54690 lr 1.33e-04 loss 0.5657 gnorm 0.256 | 359,516 tok/s
2026-09-29 20:05:24,825 | ep 8 step 42000/54690 lr 1.31e-04 loss 0.5910 gnorm 0.254 | 359,501 tok/s
2026-09-29 20:05:33,914 | ep 8 step 42200/54690 lr 1.29e-04 loss 0.5806 gnorm 0.253 | 359,553 tok/s
2026-09-29 20:05:42,999 | ep 8 step 42400/54690 lr 1.27e-04 loss 0.5946 gnorm 0.257 | 359,608 tok/s
2026-09-29 20:05:52,136 | ep 8 step 42600/54690 lr 1.25e-04 loss 0.5612 gnorm 0.258 | 359,562 tok/s
2026-09-29 20:06:01,242 | ep 8 step 42800/54690 lr 1.23e-04 loss 0.6135 gnorm 0.271 | 359,575 tok/s
2026-09-29 20:06:10,353 | ep 8 step 43000/54690 lr 1.21e-04 loss 0.5644 gnorm 0.250 | 359,578 tok/s
2026-09-29 20:06:19,503 | ep 8 step 43200/54690 lr 1.19e-04 loss 0.5770 gnorm 0.260 | 359,519 tok/s
2026-09-29 20:06:28,587 | ep 8 step 43400/54690 lr 1.17e-04 loss 0.5867 gnorm 0.259 | 359,566 tok/s
2026-09-29 20:06:37,732 | ep 8 step 43600/54690 lr 1.15e-04 loss 0.5888 gnorm 0.265 | 359,519 tok/s
2026-09-29 20:07:00,545 | EPOCH {"epoch": 8, "train_loss_running": 0.58712, "train_loss_eval": 0.54978, "train_acc": 0.82308, "val_loss": 0.56613, "val_acc": 0.81896, "val_ppl": 1.76143, "val_bpc": 0.81675, "epoch_time_s": 249.22714, "train_tok_per_s": 359481.61546}
2026-09-29 20:07:00,583 | new best val 0.5661 -> checkpoints/best.pt
2026-09-29 20:07:02,933 | ep 9 step 43800/54690 lr 1.13e-04 loss 0.5887 gnorm 0.263 | 357,833 tok/s
2026-09-29 20:07:12,051 | ep 9 step 44000/54690 lr 1.11e-04 loss 0.5730 gnorm 0.260 | 359,070 tok/s
2026-09-29 20:07:21,155 | ep 9 step 44200/54690 lr 1.09e-04 loss 0.5627 gnorm 0.259 | 359,449 tok/s
2026-09-29 20:07:30,257 | ep 9 step 44400/54690 lr 1.07e-04 loss 0.5995 gnorm 0.271 | 359,636 tok/s
2026-09-29 20:07:39,404 | ep 9 step 44600/54690 lr 1.06e-04 loss 0.5905 gnorm 0.267 | 359,296 tok/s
2026-09-29 20:07:48,520 | ep 9 step 44800/54690 lr 1.04e-04 loss 0.5753 gnorm 0.274 | 359,325 tok/s
2026-09-29 20:07:57,525 | ep 9 step 45000/54690 lr 1.02e-04 loss 0.5651 gnorm 0.274 | 360,048 tok/s
2026-09-29 20:08:06,601 | ep 9 step 45200/54690 lr 1.01e-04 loss 0.5474 gnorm 0.259 | 360,185 tok/s
2026-09-29 20:08:15,760 | ep 9 step 45400/54690 lr 9.89e-05 loss 0.5642 gnorm 0.262 | 359,890 tok/s
2026-09-29 20:08:24,965 | ep 9 step 45600/54690 lr 9.73e-05 loss 0.5967 gnorm 0.276 | 359,463 tok/s
2026-09-29 20:08:34,122 | ep 9 step 45800/54690 lr 9.57e-05 loss 0.5758 gnorm 0.265 | 359,304 tok/s
2026-09-29 20:08:43,277 | ep 9 step 46000/54690 lr 9.42e-05 loss 0.5657 gnorm 0.262 | 359,181 tok/s
2026-09-29 20:08:52,422 | ep 9 step 46200/54690 lr 9.26e-05 loss 0.5863 gnorm 0.273 | 359,111 tok/s
2026-09-29 20:09:01,596 | ep 9 step 46400/54690 lr 9.11e-05 loss 0.5776 gnorm 0.274 | 358,964 tok/s
2026-09-29 20:09:10,722 | ep 9 step 46600/54690 lr 8.97e-05 loss 0.5917 gnorm 0.277 | 358,972 tok/s
2026-09-29 20:09:19,835 | ep 9 step 46800/54690 lr 8.83e-05 loss 0.5829 gnorm 0.272 | 359,009 tok/s
2026-09-29 20:09:28,993 | ep 9 step 47000/54690 lr 8.69e-05 loss 0.5956 gnorm 0.263 | 358,937 tok/s
2026-09-29 20:09:38,195 | ep 9 step 47200/54690 lr 8.55e-05 loss 0.5774 gnorm 0.280 | 358,769 tok/s
2026-09-29 20:09:47,349 | ep 9 step 47400/54690 lr 8.42e-05 loss 0.5896 gnorm 0.272 | 358,725 tok/s
2026-09-29 20:09:56,531 | ep 9 step 47600/54690 lr 8.29e-05 loss 0.5584 gnorm 0.268 | 358,628 tok/s
2026-09-29 20:10:05,758 | ep 9 step 47800/54690 lr 8.16e-05 loss 0.5777 gnorm 0.280 | 358,454 tok/s
2026-09-29 20:10:14,938 | ep 9 step 48000/54690 lr 8.04e-05 loss 0.5541 gnorm 0.269 | 358,383 tok/s
2026-09-29 20:10:24,092 | ep 9 step 48200/54690 lr 7.92e-05 loss 0.5795 gnorm 0.275 | 358,364 tok/s
2026-09-29 20:10:33,301 | ep 9 step 48400/54690 lr 7.81e-05 loss 0.5450 gnorm 0.262 | 358,255 tok/s
2026-09-29 20:10:42,459 | ep 9 step 48600/54690 lr 7.70e-05 loss 0.6107 gnorm 0.279 | 358,235 tok/s
2026-09-29 20:10:51,602 | ep 9 step 48800/54690 lr 7.59e-05 loss 0.5887 gnorm 0.278 | 358,243 tok/s
2026-09-29 20:11:00,720 | ep 9 step 49000/54690 lr 7.48e-05 loss 0.6015 gnorm 0.283 | 358,285 tok/s
2026-09-29 20:11:09,959 | ep 9 step 49200/54690 lr 7.38e-05 loss 0.5579 gnorm 0.272 | 358,151 tok/s
2026-09-29 20:11:26,812 | EPOCH {"epoch": 9, "train_loss_running": 0.57732, "train_loss_eval": 0.54175, "train_acc": 0.8255, "val_loss": 0.55982, "val_acc": 0.82083, "val_ppl": 1.75036, "val_bpc": 0.80765, "epoch_time_s": 250.16392, "train_tok_per_s": 358135.48047}
2026-09-29 20:11:26,850 | new best val 0.5598 -> checkpoints/best.pt
2026-09-29 20:11:35,180 | ep 10 step 49400/54690 lr 7.28e-05 loss 0.5373 gnorm 0.275 | 358,757 tok/s
2026-09-29 20:11:44,217 | ep 10 step 49600/54690 lr 7.19e-05 loss 0.5855 gnorm 0.280 | 360,779 tok/s
2026-09-29 20:11:53,321 | ep 10 step 49800/54690 lr 7.10e-05 loss 0.5853 gnorm 0.300 | 360,486 tok/s
2026-09-29 20:12:02,461 | ep 10 step 50000/54690 lr 7.01e-05 loss 0.5416 gnorm 0.283 | 359,970 tok/s
2026-09-29 20:12:11,571 | ep 10 step 50200/54690 lr 6.93e-05 loss 0.5761 gnorm 0.281 | 359,916 tok/s
2026-09-29 20:12:20,686 | ep 10 step 50400/54690 lr 6.85e-05 loss 0.5633 gnorm 0.284 | 359,842 tok/s
2026-09-29 20:12:29,835 | ep 10 step 50600/54690 lr 6.77e-05 loss 0.5624 gnorm 0.281 | 359,602 tok/s
2026-09-29 20:12:39,015 | ep 10 step 50800/54690 lr 6.70e-05 loss 0.5876 gnorm 0.292 | 359,260 tok/s
2026-09-29 20:12:48,113 | ep 10 step 51000/54690 lr 6.63e-05 loss 0.5755 gnorm 0.291 | 359,365 tok/s
2026-09-29 20:12:57,279 | ep 10 step 51200/54690 lr 6.56e-05 loss 0.5473 gnorm 0.275 | 359,175 tok/s
2026-09-29 20:13:06,423 | ep 10 step 51400/54690 lr 6.50e-05 loss 0.5671 gnorm 0.283 | 359,099 tok/s
2026-09-29 20:13:15,530 | ep 10 step 51600/54690 lr 6.44e-05 loss 0.5540 gnorm 0.282 | 359,157 tok/s
2026-09-29 20:13:24,648 | ep 10 step 51800/54690 lr 6.39e-05 loss 0.5926 gnorm 0.297 | 359,174 tok/s
2026-09-29 20:13:33,787 | ep 10 step 52000/54690 lr 6.33e-05 loss 0.5983 gnorm 0.290 | 359,130 tok/s
2026-09-29 20:13:42,959 | ep 10 step 52200/54690 lr 6.29e-05 loss 0.5564 gnorm 0.274 | 359,004 tok/s
2026-09-29 20:13:52,089 | ep 10 step 52400/54690 lr 6.24e-05 loss 0.5691 gnorm 0.280 | 358,998 tok/s
2026-09-29 20:14:01,164 | ep 10 step 52600/54690 lr 6.20e-05 loss 0.5415 gnorm 0.271 | 359,120 tok/s
2026-09-29 20:14:10,231 | ep 10 step 52800/54690 lr 6.16e-05 loss 0.5790 gnorm 0.290 | 359,247 tok/s
2026-09-29 20:14:19,273 | ep 10 step 53000/54690 lr 6.13e-05 loss 0.5721 gnorm 0.288 | 359,412 tok/s
2026-09-29 20:14:28,455 | ep 10 step 53200/54690 lr 6.10e-05 loss 0.5746 gnorm 0.284 | 359,283 tok/s
2026-09-29 20:14:37,535 | ep 10 step 53400/54690 lr 6.08e-05 loss 0.6075 gnorm 0.298 | 359,359 tok/s
2026-09-29 20:14:46,645 | ep 10 step 53600/54690 lr 6.05e-05 loss 0.5703 gnorm 0.288 | 359,376 tok/s
2026-09-29 20:14:55,840 | ep 10 step 53800/54690 lr 6.04e-05 loss 0.5771 gnorm 0.289 | 359,243 tok/s
2026-09-29 20:15:05,023 | ep 10 step 54000/54690 lr 6.02e-05 loss 0.5535 gnorm 0.275 | 359,142 tok/s
2026-09-29 20:15:14,113 | ep 10 step 54200/54690 lr 6.01e-05 loss 0.5671 gnorm 0.286 | 359,195 tok/s
2026-09-29 20:15:23,078 | ep 10 step 54400/54690 lr 6.00e-05 loss 0.5672 gnorm 0.289 | 359,435 tok/s
2026-09-29 20:15:32,186 | ep 10 step 54600/54690 lr 6.00e-05 loss 0.5588 gnorm 0.289 | 359,447 tok/s
2026-09-29 20:15:52,208 | EPOCH {"epoch": 10, "train_loss_running": 0.57082, "train_loss_eval": 0.53727, "train_acc": 0.82688, "val_loss": 0.55677, "val_acc": 0.82174, "val_ppl": 1.74503, "val_bpc": 0.80325, "epoch_time_s": 249.27326, "train_tok_per_s": 359415.11124}
2026-09-29 20:15:52,246 | new best val 0.5568 -> checkpoints/best.pt
2026-09-29 20:16:42,454 | generation metrics: {"distinct_1": 0.343701399688958, "distinct_2": 0.799373040752351, "distinct_3": 0.9352290679304898, "repeated_4gram_rate": 0.009381906019892037, "repeated_4gram_rate_greedy": 0.06162790697674419, "gen_tokens_per_sec": 120.5642457660555}
2026-09-29 20:16:43,807 | final metrics: {"train_cross_entropy_loss": 0.5372657766093728, "train_cross_entropy_loss_running_last_epoch": 0.5708167373066712, "validation_cross_entropy_loss": 0.5567692367447379, "train_perplexity": 1.711321324656031, "validation_perplexity": 1.745025618690711, "validation_bits_per_character": 0.8032482167711666, "generalization_gap_val_minus_train": 0.01950346013536508, "top1_next_char_accuracy_val": 0.8217425798395371, "top1_next_char_accuracy_train": 0.8268836305791484, "distinct_1_word": 0.343701399688958, "distinct_2_word": 0.799373040752351, "distinct_3_word": 0.9352290679304898, "repeated_4gram_rate_word": 0.009381906019892037, "repeated_4gram_rate_word_greedy": 0.06162790697674419, "grad_norm_mean": 0.2719984348144085, "grad_norm_p99": 1.0482220000000002, "grad_norm_max": 16.8126, "loss_spikes_gt_1.5x_ema": 0, "nan_or_inf_loss_steps": 0, "nonfinite_grad_steps": 0, "parameter_count": 10776192, "training_tokens_per_sec": 440473.92186100496, "generation_tokens_per_sec": 120.5642457660555, "peak_gpu_memory_gb": 3.48092672, "total_training_time_min": 33.900068219502764, "epochs_trained": 10, "best_epoch": 10, "vocab_size": 79, "device": "NVIDIA GeForce RTX 5090"}
2026-09-29 20:16:43,809 | done
